2026-06-11 08:43:00,824 [INFO] 📱 텔레그램 알림 활성화 (chat_id=6238442797)
2026-06-11 08:43:00,848 [INFO] 📦 SQLite 스키마 초기화 — D:\develop\BackTesterKRX\data\live_trading.db
2026-06-11 08:43:00,859 [INFO] 📡 KIS OAuth2 토큰 발급 (paper)
2026-06-11 08:43:01,700 [INFO] ✅ OAuth2 토큰 발급 성공
2026-06-11 08:43:01,703 [INFO] 🚀 [무인 자동화 봇] v5.5.2 코스닥 스나이퍼 완전 자동 마스터 엔진
2026-06-11 08:43:01,704 [INFO]    스케줄 KST: 08:50 KIS동기화 · 15:15 스캔 · 15:20 진입 · 15:30 정산 · 09:00~15:30 감시(0.5s) · dry_run=False
2026-06-11 08:43:01,712 [INFO] [실시간 실전 감시 시작] 현재 추적 중인 종목: ['037460', '126730', '144960', '357880', '452280'] · poll=0.5s
2026-06-11 08:43:01,715 [INFO] 💓 [Engine Heartbeat] 2026-06-11 08:43:01 | 봇 엔진 이상 없음 (구동 중)
2026-06-11 08:50:00,539 [INFO] 📡 [동기화 보정] 08:50 경과 · 한투 잔고 즉시 동기화
2026-06-11 08:50:00,545 [INFO] 📡 [장개시 전 전산 동기화] 한투 잔고 조회 시작
2026-06-11 08:50:01,793 [INFO] ✅ [KIS 동기화 완료] 보유 5종 · 총자산 10,001,167원 · 예수금 9,902,243원
2026-06-11 08:53:02,053 [INFO] 💓 [Engine Heartbeat] 2026-06-11 08:53:02 | 봇 엔진 이상 없음 (구동 중)
2026-06-11 09:00:00,795 [INFO] 🚨 [청산] 126730 | TAKE_PROFIT @ 21,816
2026-06-11 09:00:01,712 [INFO]    청산 126730 TAKE_PROFIT hold=0d
2026-06-11 09:00:01,817 [INFO] 🚨 [청산] 357880 | STOP_LOSS @ 4,360
2026-06-11 09:00:03,300 [INFO]    청산 357880 STOP_LOSS hold=0d
2026-06-11 09:00:03,351 [INFO] 🚨 [청산] 452280 | STOP_LOSS @ 20,855
2026-06-11 09:00:05,325 [INFO]    청산 452280 STOP_LOSS hold=1d
2026-06-11 09:03:02,138 [INFO] 💓 [Engine Heartbeat] 2026-06-11 09:03:02 | 봇 엔진 이상 없음 (구동 중)
2026-06-11 09:13:02,270 [INFO] 💓 [Engine Heartbeat] 2026-06-11 09:13:02 | 봇 엔진 이상 없음 (구동 중)
2026-06-11 09:23:02,482 [INFO] 💓 [Engine Heartbeat] 2026-06-11 09:23:02 | 봇 엔진 이상 없음 (구동 중)
2026-06-11 09:33:02,930 [INFO] 💓 [Engine Heartbeat] 2026-06-11 09:33:02 | 봇 엔진 이상 없음 (구동 중)
2026-06-11 09:43:03,465 [INFO] 💓 [Engine Heartbeat] 2026-06-11 09:43:03 | 봇 엔진 이상 없음 (구동 중)
2026-06-11 09:53:03,700 [INFO] 💓 [Engine Heartbeat] 2026-06-11 09:53:03 | 봇 엔진 이상 없음 (구동 중)
2026-06-11 10:03:04,187 [INFO] 💓 [Engine Heartbeat] 2026-06-11 10:03:04 | 봇 엔진 이상 없음 (구동 중)
2026-06-11 10:13:04,574 [INFO] 💓 [Engine Heartbeat] 2026-06-11 10:13:04 | 봇 엔진 이상 없음 (구동 중)
2026-06-11 10:23:04,708 [INFO] 💓 [Engine Heartbeat] 2026-06-11 10:23:04 | 봇 엔진 이상 없음 (구동 중)
2026-06-11 10:33:05,008 [INFO] 💓 [Engine Heartbeat] 2026-06-11 10:33:05 | 봇 엔진 이상 없음 (구동 중)
2026-06-11 10:43:05,113 [INFO] 💓 [Engine Heartbeat] 2026-06-11 10:43:05 | 봇 엔진 이상 없음 (구동 중)
2026-06-11 10:53:05,658 [INFO] 💓 [Engine Heartbeat] 2026-06-11 10:53:05 | 봇 엔진 이상 없음 (구동 중)
2026-06-11 11:03:06,053 [INFO] 💓 [Engine Heartbeat] 2026-06-11 11:03:06 | 봇 엔진 이상 없음 (구동 중)
2026-06-11 11:13:06,271 [INFO] 💓 [Engine Heartbeat] 2026-06-11 11:13:06 | 봇 엔진 이상 없음 (구동 중)
2026-06-11 11:23:06,288 [INFO] 💓 [Engine Heartbeat] 2026-06-11 11:23:06 | 봇 엔진 이상 없음 (구동 중)
2026-06-11 11:33:06,666 [INFO] 💓 [Engine Heartbeat] 2026-06-11 11:33:06 | 봇 엔진 이상 없음 (구동 중)
2026-06-11 11:43:06,702 [INFO] 💓 [Engine Heartbeat] 2026-06-11 11:43:06 | 봇 엔진 이상 없음 (구동 중)
2026-06-11 11:53:07,003 [INFO] 💓 [Engine Heartbeat] 2026-06-11 11:53:07 | 봇 엔진 이상 없음 (구동 중)
2026-06-11 12:03:07,541 [INFO] 💓 [Engine Heartbeat] 2026-06-11 12:03:07 | 봇 엔진 이상 없음 (구동 중)
2026-06-11 12:13:07,825 [INFO] 💓 [Engine Heartbeat] 2026-06-11 12:13:07 | 봇 엔진 이상 없음 (구동 중)
2026-06-11 12:23:08,038 [INFO] 💓 [Engine Heartbeat] 2026-06-11 12:23:08 | 봇 엔진 이상 없음 (구동 중)
2026-06-11 12:33:09,052 [INFO] 💓 [Engine Heartbeat] 2026-06-11 12:33:09 | 봇 엔진 이상 없음 (구동 중)
2026-06-11 12:43:09,252 [INFO] 💓 [Engine Heartbeat] 2026-06-11 12:43:09 | 봇 엔진 이상 없음 (구동 중)
2026-06-11 12:53:09,771 [INFO] 💓 [Engine Heartbeat] 2026-06-11 12:53:09 | 봇 엔진 이상 없음 (구동 중)
2026-06-11 13:03:09,802 [INFO] 💓 [Engine Heartbeat] 2026-06-11 13:03:09 | 봇 엔진 이상 없음 (구동 중)
2026-06-11 13:13:09,955 [INFO] 💓 [Engine Heartbeat] 2026-06-11 13:13:09 | 봇 엔진 이상 없음 (구동 중)
2026-06-11 13:23:10,291 [INFO] 💓 [Engine Heartbeat] 2026-06-11 13:23:10 | 봇 엔진 이상 없음 (구동 중)
2026-06-11 13:33:10,731 [INFO] 💓 [Engine Heartbeat] 2026-06-11 13:33:10 | 봇 엔진 이상 없음 (구동 중)
2026-06-11 13:43:11,284 [INFO] 💓 [Engine Heartbeat] 2026-06-11 13:43:11 | 봇 엔진 이상 없음 (구동 중)
2026-06-11 13:53:11,899 [INFO] 💓 [Engine Heartbeat] 2026-06-11 13:53:11 | 봇 엔진 이상 없음 (구동 중)
2026-06-11 14:03:12,020 [INFO] 💓 [Engine Heartbeat] 2026-06-11 14:03:12 | 봇 엔진 이상 없음 (구동 중)
2026-06-11 14:13:12,330 [INFO] 💓 [Engine Heartbeat] 2026-06-11 14:13:12 | 봇 엔진 이상 없음 (구동 중)
2026-06-11 14:23:12,724 [INFO] 💓 [Engine Heartbeat] 2026-06-11 14:23:12 | 봇 엔진 이상 없음 (구동 중)
2026-06-11 14:33:12,959 [INFO] 💓 [Engine Heartbeat] 2026-06-11 14:33:12 | 봇 엔진 이상 없음 (구동 중)
2026-06-11 14:43:13,332 [INFO] 💓 [Engine Heartbeat] 2026-06-11 14:43:13 | 봇 엔진 이상 없음 (구동 중)
2026-06-11 14:53:13,380 [INFO] 💓 [Engine Heartbeat] 2026-06-11 14:53:13 | 봇 엔진 이상 없음 (구동 중)
2026-06-11 15:03:13,824 [INFO] 💓 [Engine Heartbeat] 2026-06-11 15:03:13 | 봇 엔진 이상 없음 (구동 중)
2026-06-11 15:13:14,205 [INFO] 💓 [Engine Heartbeat] 2026-06-11 15:13:14 | 봇 엔진 이상 없음 (구동 중)
2026-06-11 15:15:00,503 [INFO] 🔔 [ROUTINE 1] 15:15 주도주 스캔 자동 실행
2026-06-11 15:15:00,509 [INFO] 📅 오늘(20260611) 비영업일 → 마지막 거래일 20260610 로 스캔 (policy: intraday_daily_bar_not_finalized_use_prior)
2026-06-11 15:15:00,511 [INFO] 📡 [실전 스캐너] 20260610 KOSDAQ 주도주 스캔 시작
2026-06-11 15:15:02,646 [INFO] ✅ 1차 필터 통과 100종 (거래대금·시총 Top 100)
2026-06-11 15:15:02,734 [WARNING] ⛔ [프리필터 탈락] 0017J0 — 일봉 1개 < 최소 122개 (신규 상장·데이터 부족)
2026-06-11 15:15:04,797 [WARNING] ⛔ [프리필터 탈락] 084650 — MA20 우상향 미충족 (1,181 → 1,172)
2026-06-11 15:15:04,833 [WARNING] ⛔ [프리필터 탈락] 0117P0 — 일봉 3개 < 최소 122개 (신규 상장·데이터 부족)
2026-06-11 15:15:05,256 [WARNING] ⛔ [프리필터 탈락] 439960 — 일봉 21개 < 최소 122개 (신규 상장·데이터 부족)
2026-06-11 15:15:05,964 [WARNING] ⛔ [프리필터 탈락] 033160 — MA20 우상향 미충족 (28,055 → 27,850)
2026-06-11 15:15:06,318 [WARNING] ⛔ [프리필터 탈락] 327260 — MA20 우상향 미충족 (93,067 → 91,030)
2026-06-11 15:15:06,650 [WARNING] ⛔ [프리필터 탈락] 069540 — MA20 우상향 미충족 (5,172 → 5,106)
2026-06-11 15:15:07,044 [WARNING] ⛔ [프리필터 탈락] 050890 — MA20 우상향 미충족 (15,974 → 15,728)
2026-06-11 15:15:07,404 [WARNING] ⛔ [프리필터 탈락] 024840 — MA20 우상향 미충족 (6,505 → 6,285)
2026-06-11 15:15:07,453 [WARNING] ⛔ [프리필터 탈락] 490470 — 일봉 108개 < 최소 122개 (신규 상장·데이터 부족)
2026-06-11 15:15:07,794 [WARNING] ⛔ [프리필터 탈락] 024060 — MA20 우상향 미충족 (13,758 → 13,591)
2026-06-11 15:15:08,598 [WARNING] ⛔ [프리필터 탈락] 082800 — MA60 우상향 미충족 (3,109 → 3,100)
2026-06-11 15:15:09,957 [WARNING] ⛔ [프리필터 탈락] 074600 — MA20 우상향 미충족 (35,360 → 35,055)
2026-06-11 15:15:10,300 [WARNING] ⛔ [프리필터 탈락] 046890 — MA20 우상향 미충족 (15,020 → 14,794)
2026-06-11 15:15:11,319 [WARNING] ⛔ [프리필터 탈락] 274090 — MA60 우상향 미충족 (22,832 → 22,825)
2026-06-11 15:15:11,694 [WARNING] ⛔ [프리필터 탈락] 048410 — MA20 우상향 미충족 (11,820 → 11,597)
2026-06-11 15:15:12,121 [WARNING] ⛔ [프리필터 탈락] 126340 — MA20 우상향 미충족 (150,740 → 146,870)
2026-06-11 15:15:12,476 [WARNING] ⛔ [프리필터 탈락] 332570 — MA20 우상향 미충족 (11,710 → 11,578)
2026-06-11 15:15:13,195 [WARNING] ⛔ [프리필터 탈락] 138080 — MA20 우상향 미충족 (40,140 → 39,115)
2026-06-11 15:15:13,664 [WARNING] ⛔ [프리필터 탈락] 036170 — MA20 우상향 미충족 (5,759 → 5,592)
2026-06-11 15:15:14,181 [WARNING] ⛔ [프리필터 탈락] 448900 — MA20 우상향 미충족 (101,655 → 98,400)
2026-06-11 15:15:14,848 [WARNING] ⛔ [프리필터 탈락] 486990 — MA20 우상향 미충족 (31,825 → 31,655)
2026-06-11 15:15:15,304 [WARNING] ⛔ [프리필터 탈락] 059090 — MA20 우상향 미충족 (21,694 → 21,442)
2026-06-11 15:15:15,672 [WARNING] ⛔ [프리필터 탈락] 125020 — MA20 우상향 미충족 (7,520 → 7,490)
2026-06-11 15:15:16,066 [WARNING] ⛔ [프리필터 탈락] 222080 — MA20 우상향 미충족 (13,004 → 12,686)
2026-06-11 15:15:16,442 [WARNING] ⛔ [프리필터 탈락] 466100 — MA20 우상향 미충족 (44,145 → 43,455)
2026-06-11 15:15:16,853 [WARNING] ⛔ [프리필터 탈락] 119850 — MA20 우상향 미충족 (27,485 → 26,572)
2026-06-11 15:15:17,340 [WARNING] ⛔ [프리필터 탈락] 077360 — MA20 우상향 미충족 (16,093 → 15,882)
2026-06-11 15:15:17,693 [WARNING] ⛔ [프리필터 탈락] 425040 — MA20 우상향 미충족 (22,324 → 22,052)
2026-06-11 15:15:18,092 [WARNING] ⛔ [프리필터 탈락] 477850 — 일봉 14개 < 최소 122개 (신규 상장·데이터 부족)
2026-06-11 15:15:18,873 [WARNING] ⛔ [프리필터 탈락] 200470 — MA20 우상향 미충족 (8,672 → 8,666)
2026-06-11 15:15:19,261 [WARNING] ⛔ [프리필터 탈락] 086900 — MA20 우상향 미충족 (96,865 → 95,645)
2026-06-11 15:15:19,609 [WARNING] ⛔ [프리필터 탈락] 290550 — MA20 우상향 미충족 (26,885 → 26,360)
2026-06-11 15:15:20,319 [WARNING] ⛔ [프리필터 탈락] 125490 — MA20 우상향 미충족 (15,094 → 14,742)
2026-06-11 15:15:21,103 [WARNING] ⛔ [프리필터 탈락] 230240 — MA20 우상향 미충족 (31,978 → 31,342)
2026-06-11 15:15:21,526 [WARNING] ⛔ [프리필터 탈락] 252990 — MA20 우상향 미충족 (12,906 → 12,901)
2026-06-11 15:15:22,281 [WARNING] ⛔ [프리필터 탈락] 033790 — MA20 우상향 미충족 (12,782 → 12,318)
2026-06-11 15:15:23,161 [WARNING] ⛔ [프리필터 탈락] 086450 — MA20 우상향 미충족 (20,726 → 20,458)
2026-06-11 15:15:23,594 [WARNING] ⛔ [프리필터 탈락] 348210 — MA20 우상향 미충족 (66,350 → 65,680)
2026-06-11 15:15:24,741 [WARNING] ⛔ [프리필터 탈락] 080580 — MA20 우상향 미충족 (20,839 → 20,393)
2026-06-11 15:15:25,208 [WARNING] ⛔ [프리필터 탈락] 254490 — MA20 우상향 미충족 (31,672 → 31,345)
2026-06-11 15:15:25,641 [WARNING] ⛔ [프리필터 탈락] 376900 — MA20 우상향 미충족 (60,218 → 59,235)
2026-06-11 15:15:26,088 [WARNING] ⛔ [프리필터 탈락] 019210 — MA20 우상향 미충족 (16,420 → 16,345)
2026-06-11 15:15:26,800 [WARNING] ⛔ [프리필터 탈락] 033100 — MA20 우상향 미충족 (65,585 → 63,705)
2026-06-11 15:15:27,178 [WARNING] ⛔ [프리필터 탈락] 171090 — MA20 우상향 미충족 (83,675 → 82,815)
2026-06-11 15:15:27,618 [WARNING] ⛔ [프리필터 탈락] 102710 — MA20 우상향 미충족 (47,332 → 46,660)
2026-06-11 15:15:27,963 [WARNING] ⛔ [프리필터 탈락] 336570 — MA20 우상향 미충족 (8,176 → 8,132)
2026-06-11 15:15:28,316 [WARNING] ⛔ [프리필터 탈락] 078150 — MA20 우상향 미충족 (3,750 → 3,656)
2026-06-11 15:15:29,255 [WARNING] ⛔ [프리필터 탈락] 425420 — MA20 우상향 미충족 (55,572 → 54,838)
2026-06-11 15:15:30,039 [WARNING] ⛔ [프리필터 탈락] 114810 — MA20 우상향 미충족 (14,760 → 14,565)
2026-06-11 15:15:30,378 [WARNING] ⛔ [프리필터 탈락] 161580 — MA20 우상향 미충족 (48,208 → 47,492)
2026-06-11 15:15:30,707 [WARNING] ⛔ [프리필터 탈락] 122640 — MA20 우상향 미충족 (26,745 → 26,740)
2026-06-11 15:15:31,056 [WARNING] ⛔ [프리필터 탈락] 006910 — MA20 우상향 미충족 (10,720 → 10,424)
2026-06-11 15:15:31,414 [WARNING] ⛔ [프리필터 탈락] 089890 — MA20 우상향 미충족 (39,178 → 38,892)
2026-06-11 15:15:31,765 [WARNING] ⛔ [프리필터 탈락] 348340 — MA20 우상향 미충족 (60,895 → 59,945)
2026-06-11 15:15:32,164 [WARNING] ⛔ [프리필터 탈락] 213420 — MA20 우상향 미충족 (43,258 → 42,342)
2026-06-11 15:15:32,497 [WARNING] ⛔ [프리필터 탈락] 039440 — MA20 우상향 미충족 (30,655 → 30,175)
2026-06-11 15:15:32,964 [WARNING] ⛔ [프리필터 탈락] 018000 — MA20 우상향 미충족 (1,013 → 997)
2026-06-11 15:15:33,303 [WARNING] ⛔ [프리필터 탈락] 065450 — MA20 우상향 미충족 (4,239 → 4,155)
2026-06-11 15:15:33,632 [WARNING] ⛔ [프리필터 탈락] 053610 — MA20 우상향 미충족 (85,210 → 84,665)
2026-06-11 15:15:34,210 [WARNING] ⛔ [프리필터 탈락] 382800 — MA20 우상향 미충족 (8,090 → 8,010)
2026-06-11 15:15:34,677 [WARNING] ⛔ [프리필터 탈락] 121600 — MA20 우상향 미충족 (68,885 → 67,640)
2026-06-11 15:15:35,157 [WARNING] ⛔ [프리필터 탈락] 006730 — MA20 우상향 미충족 (11,912 → 11,762)
2026-06-11 15:15:35,552 [WARNING] ⛔ [프리필터 탈락] 241520 — MA20 우상향 미충족 (13,552 → 13,345)
2026-06-11 15:15:35,986 [WARNING] ⛔ [프리필터 탈락] 052020 — MA20 우상향 미충족 (15,266 → 14,838)
2026-06-11 15:15:36,384 [WARNING] ⛔ [프리필터 탈락] 151860 — MA20 우상향 미충족 (5,953 → 5,875)
2026-06-11 15:15:36,825 [WARNING] ⛔ [프리필터 탈락] 355150 — MA20 우상향 미충족 (46,190 → 45,112)
2026-06-11 15:15:37,646 [WARNING] ⛔ [프리필터 탈락] 482630 — MA20 우상향 미충족 (18,514 → 18,356)
2026-06-11 15:15:38,114 [WARNING] ⛔ [프리필터 탈락] 046970 — MA20 우상향 미충족 (8,222 → 8,110)
2026-06-11 15:15:38,556 [WARNING] ⛔ [프리필터 탈락] 389260 — MA20 우상향 미충족 (17,534 → 17,093)
2026-06-11 15:15:38,928 [WARNING] ⛔ [프리필터 탈락] 389500 — MA20 우상향 미충족 (80,320 → 79,680)
2026-06-11 15:15:39,722 [WARNING] ⛔ [프리필터 탈락] 307180 — MA20 우상향 미충족 (7,985 → 7,946)
2026-06-11 15:15:40,071 [WARNING] ⛔ [프리필터 탈락] 060250 — MA20 우상향 미충족 (17,831 → 17,664)
2026-06-11 15:15:40,509 [WARNING] ⛔ [프리필터 탈락] 272110 — MA20 우상향 미충족 (33,998 → 33,752)
2026-06-11 15:15:41,047 [WARNING] ⛔ [프리필터 탈락] 174900 — MA20 우상향 미충족 (38,440 → 37,742)
2026-06-11 15:15:41,434 [WARNING] ⛔ [프리필터 탈락] 092870 — MA20 우상향 미충족 (31,055 → 30,495)
2026-06-11 15:15:41,813 [WARNING] ⛔ [프리필터 탈락] 073490 — MA20 우상향 미충족 (44,345 → 43,505)
2026-06-11 15:15:42,270 [WARNING] ⛔ [프리필터 탈락] 383310 — MA20 우상향 미충족 (29,270 → 29,140)
2026-06-11 15:15:42,895 [WARNING] ⛔ [프리필터 탈락] 358570 — MA20 우상향 미충족 (13,210 → 13,060)
2026-06-11 15:15:43,278 [INFO] 🔒 [2단계 프리필터] 79종 탈락 → 잔여 21종
2026-06-11 15:15:43,283 [INFO] ✅ 2차 필터 통과 21종 (데이터 수·MA 추세 검증 완료)
2026-06-11 15:15:51,477 [INFO] 📁 유니버스 저장 → D:\develop\BackTesterKRX\config\live_today_universe.json
2026-06-11 15:15:51,478 [INFO] 📋 메타 리포트 → D:\develop\BackTesterKRX\config\live_today_universe.meta.json
2026-06-11 15:15:51,494 [INFO] 🔔 [스캔 마감] 21종 유니버스 확정
2026-06-11 15:15:51,496 [INFO]    스캔 완료 — 21종
2026-06-11 15:16:31,620 [INFO] 🚨 [청산] 144960 | STOP_LOSS @ 7,692
2026-06-11 15:16:32,518 [INFO]    청산 144960 STOP_LOSS hold=0d
2026-06-11 15:20:00,280 [INFO] ⏰ [ROUTINE 2] 15:20 황금 타점 자동 매수 개시
2026-06-11 15:20:00,288 [INFO] 📂 유니버스 로드 — D:\develop\BackTesterKRX\config\live_today_universe.json (재스캔 없음)
2026-06-11 15:20:08,899 [INFO] 🎯 [진입 연산 시작] 21종 · 보유 1/5(동적) · 총자산 10,001,642원 · dry_run=False
2026-06-11 15:20:08,900 [INFO] 📊 [자금 관리 연산] 총자산: 10,001,642원 (예수금 9,902,243 + 평가 41,350) -> 동적 슬롯 한도: 5개 (현재 보유: 1개)
2026-06-11 15:20:08,900 [INFO] [1/21] 126640 (화신정공) 진입 조건 연산 중…
2026-06-11 15:20:09,402 [INFO] [탈락] 126640 (화신정공) — MA20 반전 미충족 — 당일 종가(4,607)가 MA20(2,154) 위에 있음(이미 이격)
2026-06-11 15:20:09,402 [INFO] 📊 [자금 관리 연산] 총자산: 10,001,642원 (예수금 9,902,243 + 평가 41,350) -> 동적 슬롯 한도: 5개 (현재 보유: 1개)
2026-06-11 15:20:09,403 [INFO] [2/21] 357880 (SKAI) 진입 조건 연산 중…
2026-06-11 15:20:09,797 [INFO] 🔥 [진입 시그널 포착] 357880 (SKAI) @ 4,260 x13 — 통과 — MA20 눌림·우상향·변곡 돌파
2026-06-11 15:20:09,798 [INFO] 📊 [자금 관리 연산] 총자산: 10,001,642원 (예수금 9,902,243 + 평가 41,350) -> 동적 슬롯 한도: 5개 (현재 보유: 1개)
2026-06-11 15:20:09,798 [INFO] 🚀 [주문 전송] 357880 x13 @ 시장가 (4,260)
2026-06-11 15:20:14,728 [INFO] 📡 [한투 API Response Raw Data] -> {'rt_cd': '0', 'msg_cd': '40600000', 'msg1': '모의투자 매수주문이 완료 되었습니다.', 'output': {'KRX_FWDG_ORD_ORGNO': '00950', 'ODNO': '0000035778', 'ORD_TMD': '152014', 'SOR_ODNO': ''}}
2026-06-11 15:20:14,748 [INFO] ✅ [체결 완료] SKAI 장부 동기화 완료.
2026-06-11 15:20:14,749 [INFO]    ✅ [체결 기록] 357880 (SKAI) @ 4,260 x13 (로컬 장부 저장·잔고 API 생략)
2026-06-11 15:20:14,750 [INFO] 📊 [자금 관리 연산] 총자산: 9,943,435원 (예수금 9,846,855 + 평가 96,580) -> 동적 슬롯 한도: 5개 (현재 보유: 2개)
2026-06-11 15:20:14,751 [INFO] [3/21] 388790 (라이콤) 진입 조건 연산 중…
2026-06-11 15:20:15,154 [INFO] [탈락] 388790 (라이콤) — MA20 반전 미충족 — 당일 종가(8,760)가 MA20(5,213) 위에 있음(이미 이격)
2026-06-11 15:20:15,157 [INFO] 📊 [자금 관리 연산] 총자산: 9,943,435원 (예수금 9,846,855 + 평가 96,580) -> 동적 슬롯 한도: 5개 (현재 보유: 2개)
2026-06-11 15:20:15,160 [INFO] [4/21] 170920 (엘티씨) 진입 조건 연산 중…
2026-06-11 15:20:15,589 [INFO] [탈락] 170920 (엘티씨) — MA20 반전 미충족 — 당일 종가(57,200)가 MA20(43,500) 위에 있음(이미 이격)
2026-06-11 15:20:15,589 [INFO] 📊 [자금 관리 연산] 총자산: 9,943,435원 (예수금 9,846,855 + 평가 96,580) -> 동적 슬롯 한도: 5개 (현재 보유: 2개)
2026-06-11 15:20:15,590 [INFO] [5/21] 066430 (아이로보틱스) 진입 조건 연산 중…
2026-06-11 15:20:16,046 [INFO] [탈락] 066430 (아이로보틱스) — MA20 반전 미충족 — 당일 종가(3,415)가 MA20(3,268) 위에 있음(이미 이격)
2026-06-11 15:20:16,047 [INFO] 📊 [자금 관리 연산] 총자산: 9,943,435원 (예수금 9,846,855 + 평가 96,580) -> 동적 슬롯 한도: 5개 (현재 보유: 2개)
2026-06-11 15:20:16,047 [INFO] [6/21] 242040 (나무기술) 진입 조건 연산 중…
2026-06-11 15:20:16,492 [INFO] [탈락] 242040 (나무기술) — MA20 반전 미충족 — 당일 종가(7,420)가 MA20(6,253) 위에 있음(이미 이격)
2026-06-11 15:20:16,492 [INFO] 📊 [자금 관리 연산] 총자산: 9,943,435원 (예수금 9,846,855 + 평가 96,580) -> 동적 슬롯 한도: 5개 (현재 보유: 2개)
2026-06-11 15:20:16,493 [INFO] [7/21] 064290 (인텍플러스) 진입 조건 연산 중…
2026-06-11 15:20:16,873 [INFO] [탈락] 064290 (인텍플러스) — MA20 반전 미충족 — 당일 종가(43,850)가 MA20(34,450) 위에 있음(이미 이격)
2026-06-11 15:20:16,874 [INFO] 📊 [자금 관리 연산] 총자산: 9,943,435원 (예수금 9,846,855 + 평가 96,580) -> 동적 슬롯 한도: 5개 (현재 보유: 2개)
2026-06-11 15:20:16,874 [INFO] [8/21] 219130 (타이거일렉) 진입 조건 연산 중…
2026-06-11 15:20:17,232 [INFO] [탈락] 219130 (타이거일렉) — MA20 반전 미충족 — 당일 종가(74,600)가 MA20(58,520) 위에 있음(이미 이격)
2026-06-11 15:20:17,232 [INFO] 📊 [자금 관리 연산] 총자산: 9,943,435원 (예수금 9,846,855 + 평가 96,580) -> 동적 슬롯 한도: 5개 (현재 보유: 2개)
2026-06-11 15:20:17,233 [INFO] [9/21] 160980 (싸이맥스) 진입 조건 연산 중…
2026-06-11 15:20:17,807 [INFO] [탈락] 160980 (싸이맥스) — MA20 반전 미충족 — 당일 종가(43,250)가 MA20(34,855) 위에 있음(이미 이격)
2026-06-11 15:20:17,808 [INFO] 📊 [자금 관리 연산] 총자산: 9,943,435원 (예수금 9,846,855 + 평가 96,580) -> 동적 슬롯 한도: 5개 (현재 보유: 2개)
2026-06-11 15:20:17,808 [INFO] [10/21] 457370 (한켐) 진입 조건 연산 중…
2026-06-11 15:20:18,174 [INFO] [탈락] 457370 (한켐) — MA20 반전 미충족 — 당일 종가(12,120)가 MA20(10,548) 위에 있음(이미 이격)
2026-06-11 15:20:18,174 [INFO] 📊 [자금 관리 연산] 총자산: 9,943,435원 (예수금 9,846,855 + 평가 96,580) -> 동적 슬롯 한도: 5개 (현재 보유: 2개)
2026-06-11 15:20:18,175 [INFO] [11/21] 052710 (아모텍) 진입 조건 연산 중…
2026-06-11 15:20:18,554 [INFO] [탈락] 052710 (아모텍) — MA20 반전 미충족 — 당일 종가(27,750)가 MA20(23,124) 위에 있음(이미 이격)
2026-06-11 15:20:18,555 [INFO] 📊 [자금 관리 연산] 총자산: 9,943,435원 (예수금 9,846,855 + 평가 96,580) -> 동적 슬롯 한도: 5개 (현재 보유: 2개)
2026-06-11 15:20:18,555 [INFO] [12/21] 033640 (네패스) 진입 조건 연산 중…
2026-06-11 15:20:19,090 [INFO] [탈락] 033640 (네패스) — MA20 하락 추세 — MA20(33,302) ≤ 전일 MA20(33,418)
2026-06-11 15:20:19,090 [INFO] 📊 [자금 관리 연산] 총자산: 9,943,435원 (예수금 9,846,855 + 평가 96,580) -> 동적 슬롯 한도: 5개 (현재 보유: 2개)
2026-06-11 15:20:19,091 [INFO] [13/21] 452280 (한선엔지니어링) 진입 조건 연산 중…
2026-06-11 15:20:19,624 [INFO] 🔥 [진입 시그널 포착] 452280 (한선엔지니어링) @ 22,250 x2 — 통과 — MA20 눌림·우상향·변곡 돌파
2026-06-11 15:20:19,625 [INFO] 📊 [자금 관리 연산] 총자산: 9,943,435원 (예수금 9,846,855 + 평가 96,580) -> 동적 슬롯 한도: 5개 (현재 보유: 2개)
2026-06-11 15:20:19,625 [INFO] 🚀 [주문 전송] 452280 x2 @ 시장가 (22,250)
2026-06-11 15:20:26,053 [INFO] 📡 [한투 API Response Raw Data] -> {'rt_cd': '0', 'msg_cd': '40600000', 'msg1': '모의투자 매수주문이 완료 되었습니다.', 'output': {'KRX_FWDG_ORD_ORGNO': '00950', 'ODNO': '0000035807', 'ORD_TMD': '152026', 'SOR_ODNO': ''}}
2026-06-11 15:20:26,071 [INFO] ✅ [체결 완료] 한선엔지니어링 장부 동기화 완료.
2026-06-11 15:20:26,073 [INFO]    ✅ [체결 기록] 452280 (한선엔지니어링) @ 22,250 x2 (로컬 장부 저장·잔고 API 생략)
2026-06-11 15:20:26,075 [INFO] 📊 [자금 관리 연산] 총자산: 9,943,428원 (예수금 9,802,348 + 평가 141,080) -> 동적 슬롯 한도: 5개 (현재 보유: 3개)
2026-06-11 15:20:26,075 [INFO] [14/21] 041830 (인바디) 진입 조건 연산 중…
2026-06-11 15:20:26,957 [INFO] [탈락] 041830 (인바디) — MA20 반전 미충족 — 당일 종가(46,200)가 MA20(43,968) 위에 있음(이미 이격)
2026-06-11 15:20:26,958 [INFO] 📊 [자금 관리 연산] 총자산: 9,943,428원 (예수금 9,802,348 + 평가 141,080) -> 동적 슬롯 한도: 5개 (현재 보유: 3개)
2026-06-11 15:20:26,959 [INFO] [15/21] 456010 (아이씨티케이) 진입 조건 연산 중…
2026-06-11 15:20:27,779 [INFO] 🔥 [진입 시그널 포착] 456010 (아이씨티케이) @ 22,400 x2 — 통과 — MA20 눌림·우상향·변곡 돌파
2026-06-11 15:20:27,780 [INFO] 📊 [자금 관리 연산] 총자산: 9,943,428원 (예수금 9,802,348 + 평가 141,080) -> 동적 슬롯 한도: 5개 (현재 보유: 3개)
2026-06-11 15:20:27,780 [INFO] 🚀 [주문 전송] 456010 x2 @ 시장가 (22,400)
2026-06-11 15:20:34,319 [INFO] 📡 [한투 API Response Raw Data] -> {'rt_cd': '0', 'msg_cd': '40600000', 'msg1': '모의투자 매수주문이 완료 되었습니다.', 'output': {'KRX_FWDG_ORD_ORGNO': '00950', 'ODNO': '0000035824', 'ORD_TMD': '152034', 'SOR_ODNO': ''}}
2026-06-11 15:20:34,349 [INFO] ✅ [체결 완료] 아이씨티케이 장부 동기화 완료.
2026-06-11 15:20:34,349 [INFO]    ✅ [체결 기록] 456010 (아이씨티케이) @ 22,400 x2 (로컬 장부 저장·잔고 API 생략)
2026-06-11 15:20:34,350 [INFO] 📊 [자금 관리 연산] 총자산: 9,943,421원 (예수금 9,757,541 + 평가 185,880) -> 동적 슬롯 한도: 5개 (현재 보유: 4개)
2026-06-11 15:20:34,355 [INFO] [16/21] 417840 (저스템) 진입 조건 연산 중…
2026-06-11 15:20:34,929 [INFO] [탈락] 417840 (저스템) — MA20 하락 추세 — MA20(16,482) ≤ 전일 MA20(16,490)
2026-06-11 15:20:34,937 [INFO] 📊 [자금 관리 연산] 총자산: 9,943,421원 (예수금 9,757,541 + 평가 185,880) -> 동적 슬롯 한도: 5개 (현재 보유: 4개)
2026-06-11 15:20:34,945 [INFO] [17/21] 356680 (엑스게이트) 진입 조건 연산 중…
2026-06-11 15:20:35,993 [INFO] [탈락] 356680 (엑스게이트) — 변곡 미충족 — 당일 종가(16,260) ≤ 20일 전 종가(17,270)
2026-06-11 15:20:35,994 [INFO] 📊 [자금 관리 연산] 총자산: 9,943,421원 (예수금 9,757,541 + 평가 185,880) -> 동적 슬롯 한도: 5개 (현재 보유: 4개)
2026-06-11 15:20:35,994 [INFO] [18/21] 126730 (코칩) 진입 조건 연산 중…
2026-06-11 15:20:36,442 [INFO] 🔥 [진입 시그널 포착] 126730 (코칩) @ 21,000 x2 — 통과 — MA20 눌림·우상향·변곡 돌파
2026-06-11 15:20:36,443 [INFO] 📊 [자금 관리 연산] 총자산: 9,943,421원 (예수금 9,757,541 + 평가 185,880) -> 동적 슬롯 한도: 5개 (현재 보유: 4개)
2026-06-11 15:20:36,443 [INFO] 🚀 [주문 전송] 126730 x2 @ 시장가 (21,000)
2026-06-11 15:20:40,631 [INFO] 📡 [한투 API Response Raw Data] -> {'rt_cd': '0', 'msg_cd': '40600000', 'msg1': '모의투자 매수주문이 완료 되었습니다.', 'output': {'KRX_FWDG_ORD_ORGNO': '00950', 'ODNO': '0000035837', 'ORD_TMD': '152040', 'SOR_ODNO': ''}}
2026-06-11 15:20:40,660 [INFO] ✅ [체결 완료] 코칩 장부 동기화 완료.
2026-06-11 15:20:40,660 [INFO]    ✅ [체결 기록] 126730 (코칩) @ 21,000 x2 (로컬 장부 저장·잔고 API 생략)
2026-06-11 15:20:40,661 [INFO] 📊 [자금 관리 연산] 총자산: 9,943,415원 (예수금 9,715,535 + 평가 227,880) -> 동적 슬롯 한도: 5개 (현재 보유: 5개)
2026-06-11 15:20:40,662 [WARNING] 🛡️ [안전장치 트리거] 🚫 [진입 제한] 동적 포트폴리오 슬롯(5개)이 마감되었습니다. -> 금일 매수 진입을 종료하고 잔고를 보존합니다.
2026-06-11 15:20:40,664 [INFO] 🏁 [진입 연산 종료] 최종 보유 5종 · 신규 체결 4종 · 거부 0건
2026-06-11 15:20:49,239 [INFO] 📸 [자산 스냅샷] 2026-06-11 — 총자산 10,001,642원
2026-06-11 15:20:49,240 [INFO] ✅ [자동 매수 완료] 4종 체결 · 장부·스냅샷 반영
2026-06-11 15:23:14,469 [INFO] 💓 [Engine Heartbeat] 2026-06-11 15:23:14 | 봇 엔진 이상 없음 (구동 중)
2026-06-11 15:30:00,149 [INFO] ⏰ [스케줄러 트리거] 15:30 정규장 마감 정산
2026-06-11 15:30:00,193 [INFO] 📅 [hold_days 벌크업] 5종 보유일수 +1 반영
2026-06-11 15:30:00,194 [INFO] ⏳ KIS 정규장 마감 체결 전산 반영 대기 (15초)...
2026-06-11 15:30:15,194 [INFO] 📡 [장개시 전 전산 동기화] 한투 잔고 조회 시작
2026-06-11 15:30:22,195 [INFO] ✅ [KIS 동기화 완료] 보유 3종 · 총자산 10,001,692원 · 예수금 9,902,243원
2026-06-11 15:33:14,586 [INFO] 💓 [Engine Heartbeat] 2026-06-11 15:33:14 | 봇 엔진 이상 없음 (구동 중)
2026-06-11 15:43:15,456 [INFO] 💓 [Engine Heartbeat] 2026-06-11 15:43:15 | 봇 엔진 이상 없음 (구동 중)
2026-06-11 15:53:16,477 [INFO] 💓 [Engine Heartbeat] 2026-06-11 15:53:16 | 봇 엔진 이상 없음 (구동 중)
2026-06-11 16:03:17,456 [INFO] 💓 [Engine Heartbeat] 2026-06-11 16:03:17 | 봇 엔진 이상 없음 (구동 중)
2026-06-11 16:13:17,931 [INFO] 💓 [Engine Heartbeat] 2026-06-11 16:13:17 | 봇 엔진 이상 없음 (구동 중)
2026-06-11 16:23:18,709 [INFO] 💓 [Engine Heartbeat] 2026-06-11 16:23:18 | 봇 엔진 이상 없음 (구동 중)
2026-06-11 16:33:19,067 [INFO] 💓 [Engine Heartbeat] 2026-06-11 16:33:19 | 봇 엔진 이상 없음 (구동 중)
2026-06-11 16:43:19,838 [INFO] 💓 [Engine Heartbeat] 2026-06-11 16:43:19 | 봇 엔진 이상 없음 (구동 중)
2026-06-11 16:53:20,691 [INFO] 💓 [Engine Heartbeat] 2026-06-11 16:53:20 | 봇 엔진 이상 없음 (구동 중)
2026-06-11 17:03:21,662 [INFO] 💓 [Engine Heartbeat] 2026-06-11 17:03:21 | 봇 엔진 이상 없음 (구동 중)
2026-06-11 17:13:21,746 [INFO] 💓 [Engine Heartbeat] 2026-06-11 17:13:21 | 봇 엔진 이상 없음 (구동 중)
2026-06-11 17:23:22,092 [INFO] 💓 [Engine Heartbeat] 2026-06-11 17:23:22 | 봇 엔진 이상 없음 (구동 중)
2026-06-11 17:33:22,142 [INFO] 💓 [Engine Heartbeat] 2026-06-11 17:33:22 | 봇 엔진 이상 없음 (구동 중)
2026-06-11 17:43:22,988 [INFO] 💓 [Engine Heartbeat] 2026-06-11 17:43:22 | 봇 엔진 이상 없음 (구동 중)
2026-06-11 17:53:23,339 [INFO] 💓 [Engine Heartbeat] 2026-06-11 17:53:23 | 봇 엔진 이상 없음 (구동 중)
2026-06-11 18:03:24,009 [INFO] 💓 [Engine Heartbeat] 2026-06-11 18:03:24 | 봇 엔진 이상 없음 (구동 중)
2026-06-11 18:13:24,673 [INFO] 💓 [Engine Heartbeat] 2026-06-11 18:13:24 | 봇 엔진 이상 없음 (구동 중)
2026-06-11 18:23:25,053 [INFO] 💓 [Engine Heartbeat] 2026-06-11 18:23:25 | 봇 엔진 이상 없음 (구동 중)
2026-06-11 18:33:25,284 [INFO] 💓 [Engine Heartbeat] 2026-06-11 18:33:25 | 봇 엔진 이상 없음 (구동 중)
2026-06-11 18:43:26,008 [INFO] 💓 [Engine Heartbeat] 2026-06-11 18:43:26 | 봇 엔진 이상 없음 (구동 중)
2026-06-11 18:53:26,201 [INFO] 💓 [Engine Heartbeat] 2026-06-11 18:53:26 | 봇 엔진 이상 없음 (구동 중)
2026-06-11 19:03:26,289 [INFO] 💓 [Engine Heartbeat] 2026-06-11 19:03:26 | 봇 엔진 이상 없음 (구동 중)
2026-06-11 19:13:26,468 [INFO] 💓 [Engine Heartbeat] 2026-06-11 19:13:26 | 봇 엔진 이상 없음 (구동 중)
2026-06-11 19:23:26,489 [INFO] 💓 [Engine Heartbeat] 2026-06-11 19:23:26 | 봇 엔진 이상 없음 (구동 중)
2026-06-11 19:33:27,396 [INFO] 💓 [Engine Heartbeat] 2026-06-11 19:33:27 | 봇 엔진 이상 없음 (구동 중)
2026-06-11 19:43:27,465 [INFO] 💓 [Engine Heartbeat] 2026-06-11 19:43:27 | 봇 엔진 이상 없음 (구동 중)
2026-06-12 08:10:30,518 [INFO] 💓 [Engine Heartbeat] 2026-06-12 08:10:30 | 봇 엔진 이상 없음 (구동 중)
2026-06-12 08:20:32,759 [INFO] 💓 [Engine Heartbeat] 2026-06-12 08:20:32 | 봇 엔진 이상 없음 (구동 중)
2026-06-12 08:30:33,700 [INFO] 💓 [Engine Heartbeat] 2026-06-12 08:30:33 | 봇 엔진 이상 없음 (구동 중)
2026-06-12 08:40:34,225 [INFO] 💓 [Engine Heartbeat] 2026-06-12 08:40:34 | 봇 엔진 이상 없음 (구동 중)
2026-06-12 08:50:00,602 [INFO] 📡 [동기화 보정] 08:50 경과 · 한투 잔고 즉시 동기화
2026-06-12 08:50:00,605 [INFO] 📡 [장개시 전 전산 동기화] 한투 잔고 조회 시작
2026-06-12 08:50:00,639 [INFO] 📡 KIS OAuth2 토큰 발급 (paper)
2026-06-12 08:50:01,419 [INFO] ✅ OAuth2 토큰 발급 성공
2026-06-12 08:50:02,236 [INFO] ✅ [KIS 동기화 완료] 보유 5종 · 총자산 10,001,692원 · 예수금 9,767,117원
2026-06-12 08:50:42,242 [INFO] 💓 [Engine Heartbeat] 2026-06-12 08:50:42 | 봇 엔진 이상 없음 (구동 중)
2026-06-12 09:00:02,157 [INFO] 🚨 [청산] 357880 | STOP_LOSS @ 4,108
2026-06-12 09:00:02,885 [INFO]    청산 357880 STOP_LOSS hold=1d
2026-06-12 09:00:02,929 [INFO] 🚨 [청산] 452280 | STOP_LOSS @ 21,922
2026-06-12 09:00:03,843 [INFO]    청산 452280 STOP_LOSS hold=1d
2026-06-12 09:00:42,681 [INFO] 💓 [Engine Heartbeat] 2026-06-12 09:00:42 | 봇 엔진 이상 없음 (구동 중)
2026-06-12 09:10:42,991 [INFO] 💓 [Engine Heartbeat] 2026-06-12 09:10:42 | 봇 엔진 이상 없음 (구동 중)
2026-06-12 09:20:43,491 [INFO] 💓 [Engine Heartbeat] 2026-06-12 09:20:43 | 봇 엔진 이상 없음 (구동 중)
2026-06-12 09:30:43,785 [INFO] 💓 [Engine Heartbeat] 2026-06-12 09:30:43 | 봇 엔진 이상 없음 (구동 중)
2026-06-12 09:40:43,982 [INFO] 💓 [Engine Heartbeat] 2026-06-12 09:40:43 | 봇 엔진 이상 없음 (구동 중)
2026-06-12 09:49:28,145 [INFO] 🚨 [청산] 126730 | TAKE_PROFIT @ 22,680
2026-06-12 09:49:31,377 [ERROR] ❌ 매도 실패: {"rt_cd":"1","msg1":"초당 거래건수를 초과하였습니다.","msg_cd":"EGW00201","message":"EGW00201"}
2026-06-12 09:49:31,481 [INFO]    청산 126730 TAKE_PROFIT hold=1d
2026-06-12 09:49:31,520 [INFO] 🚨 [청산] 456010 | TAKE_PROFIT @ 24,408
2026-06-12 09:49:36,099 [INFO]    청산 456010 TAKE_PROFIT hold=1d
2026-06-12 09:50:44,263 [INFO] 💓 [Engine Heartbeat] 2026-06-12 09:50:44 | 봇 엔진 이상 없음 (구동 중)
2026-06-12 09:51:20,256 [INFO] 🚨 [청산] 126730 | TAKE_PROFIT @ 22,680
2026-06-12 09:51:22,136 [INFO]    청산 126730 TAKE_PROFIT hold=1d
2026-06-12 10:00:44,760 [INFO] 💓 [Engine Heartbeat] 2026-06-12 10:00:44 | 봇 엔진 이상 없음 (구동 중)
2026-06-12 10:10:46,897 [INFO] 💓 [Engine Heartbeat] 2026-06-12 10:10:46 | 봇 엔진 이상 없음 (구동 중)
2026-06-12 10:20:47,135 [INFO] 💓 [Engine Heartbeat] 2026-06-12 10:20:47 | 봇 엔진 이상 없음 (구동 중)
2026-06-12 10:30:47,639 [INFO] 💓 [Engine Heartbeat] 2026-06-12 10:30:47 | 봇 엔진 이상 없음 (구동 중)
2026-06-12 10:40:47,824 [INFO] 💓 [Engine Heartbeat] 2026-06-12 10:40:47 | 봇 엔진 이상 없음 (구동 중)
2026-06-12 10:50:47,984 [INFO] 💓 [Engine Heartbeat] 2026-06-12 10:50:47 | 봇 엔진 이상 없음 (구동 중)
2026-06-12 11:00:47,969 [INFO] 💓 [Engine Heartbeat] 2026-06-12 11:00:47 | 봇 엔진 이상 없음 (구동 중)
2026-06-12 11:10:48,344 [INFO] 💓 [Engine Heartbeat] 2026-06-12 11:10:48 | 봇 엔진 이상 없음 (구동 중)
2026-06-12 11:20:48,418 [INFO] 💓 [Engine Heartbeat] 2026-06-12 11:20:48 | 봇 엔진 이상 없음 (구동 중)
2026-06-12 11:30:48,916 [INFO] 💓 [Engine Heartbeat] 2026-06-12 11:30:48 | 봇 엔진 이상 없음 (구동 중)
2026-06-12 11:40:49,639 [INFO] 💓 [Engine Heartbeat] 2026-06-12 11:40:49 | 봇 엔진 이상 없음 (구동 중)
2026-06-12 11:50:49,975 [INFO] 💓 [Engine Heartbeat] 2026-06-12 11:50:49 | 봇 엔진 이상 없음 (구동 중)
2026-06-12 12:00:50,207 [INFO] 💓 [Engine Heartbeat] 2026-06-12 12:00:50 | 봇 엔진 이상 없음 (구동 중)
2026-06-12 12:10:50,444 [INFO] 💓 [Engine Heartbeat] 2026-06-12 12:10:50 | 봇 엔진 이상 없음 (구동 중)
2026-06-12 12:20:50,772 [INFO] 💓 [Engine Heartbeat] 2026-06-12 12:20:50 | 봇 엔진 이상 없음 (구동 중)
2026-06-12 12:30:50,927 [INFO] 💓 [Engine Heartbeat] 2026-06-12 12:30:50 | 봇 엔진 이상 없음 (구동 중)
2026-06-12 12:40:51,368 [INFO] 💓 [Engine Heartbeat] 2026-06-12 12:40:51 | 봇 엔진 이상 없음 (구동 중)
2026-06-12 12:50:51,856 [INFO] 💓 [Engine Heartbeat] 2026-06-12 12:50:51 | 봇 엔진 이상 없음 (구동 중)
2026-06-12 13:00:51,871 [INFO] 💓 [Engine Heartbeat] 2026-06-12 13:00:51 | 봇 엔진 이상 없음 (구동 중)
2026-06-12 13:10:52,330 [INFO] 💓 [Engine Heartbeat] 2026-06-12 13:10:52 | 봇 엔진 이상 없음 (구동 중)
2026-06-12 13:20:52,658 [INFO] 💓 [Engine Heartbeat] 2026-06-12 13:20:52 | 봇 엔진 이상 없음 (구동 중)
2026-06-12 13:30:52,802 [INFO] 💓 [Engine Heartbeat] 2026-06-12 13:30:52 | 봇 엔진 이상 없음 (구동 중)
2026-06-12 13:40:53,001 [INFO] 💓 [Engine Heartbeat] 2026-06-12 13:40:53 | 봇 엔진 이상 없음 (구동 중)
2026-06-12 13:50:53,340 [INFO] 💓 [Engine Heartbeat] 2026-06-12 13:50:53 | 봇 엔진 이상 없음 (구동 중)
2026-06-12 14:00:53,675 [INFO] 💓 [Engine Heartbeat] 2026-06-12 14:00:53 | 봇 엔진 이상 없음 (구동 중)
2026-06-12 14:10:53,936 [INFO] 💓 [Engine Heartbeat] 2026-06-12 14:10:53 | 봇 엔진 이상 없음 (구동 중)
2026-06-12 14:20:54,234 [INFO] 💓 [Engine Heartbeat] 2026-06-12 14:20:54 | 봇 엔진 이상 없음 (구동 중)
2026-06-12 14:30:54,647 [INFO] 💓 [Engine Heartbeat] 2026-06-12 14:30:54 | 봇 엔진 이상 없음 (구동 중)
2026-06-12 14:40:54,995 [INFO] 💓 [Engine Heartbeat] 2026-06-12 14:40:54 | 봇 엔진 이상 없음 (구동 중)
2026-06-12 14:50:55,047 [INFO] 💓 [Engine Heartbeat] 2026-06-12 14:50:55 | 봇 엔진 이상 없음 (구동 중)
2026-06-12 15:00:55,354 [INFO] 💓 [Engine Heartbeat] 2026-06-12 15:00:55 | 봇 엔진 이상 없음 (구동 중)
2026-06-12 15:10:55,521 [INFO] 💓 [Engine Heartbeat] 2026-06-12 15:10:55 | 봇 엔진 이상 없음 (구동 중)
2026-06-12 15:15:00,704 [INFO] 🔔 [ROUTINE 1] 15:15 주도주 스캔 자동 실행
2026-06-12 15:15:00,711 [INFO] 📅 오늘(20260612) 비영업일 → 마지막 거래일 20260611 로 스캔 (policy: intraday_daily_bar_not_finalized_use_prior)
2026-06-12 15:15:00,715 [INFO] 📡 [실전 스캐너] 20260611 KOSDAQ 주도주 스캔 시작
2026-06-12 15:15:05,894 [INFO] ✅ 1차 필터 통과 100종 (거래대금·시총 Top 100)
2026-06-12 15:15:07,622 [WARNING] ⛔ [프리필터 탈락] 033160 — MA20 우상향 미충족 (27,850 → 27,570)
2026-06-12 15:15:08,465 [WARNING] ⛔ [프리필터 탈락] 059090 — MA20 우상향 미충족 (21,442 → 21,252)
2026-06-12 15:15:08,515 [WARNING] ⛔ [프리필터 탈락] 0017J0 — 일봉 2개 < 최소 122개 (신규 상장·데이터 부족)
2026-06-12 15:15:08,979 [WARNING] ⛔ [프리필터 탈락] 024060 — MA20 우상향 미충족 (13,591 → 13,410)
2026-06-12 15:15:09,037 [WARNING] ⛔ [프리필터 탈락] 439960 — 일봉 22개 < 최소 122개 (신규 상장·데이터 부족)
2026-06-12 15:15:09,394 [WARNING] ⛔ [프리필터 탈락] 046890 — MA20 우상향 미충족 (14,794 → 14,598)
2026-06-12 15:15:10,036 [WARNING] ⛔ [프리필터 탈락] 274090 — MA60 우상향 미충족 (22,825 → 22,818)
2026-06-12 15:15:10,542 [WARNING] ⛔ [프리필터 탈락] 086900 — MA20 우상향 미충족 (95,645 → 94,635)
2026-06-12 15:15:11,016 [WARNING] ⛔ [프리필터 탈락] 086450 — MA20 우상향 미충족 (20,458 → 20,218)
2026-06-12 15:15:11,640 [WARNING] ⛔ [프리필터 탈락] 125490 — MA20 우상향 미충족 (14,742 → 14,419)
2026-06-12 15:15:12,078 [WARNING] ⛔ [프리필터 탈락] 383310 — MA20 우상향 미충족 (29,140 → 29,042)
2026-06-12 15:15:12,485 [WARNING] ⛔ [프리필터 탈락] 365340 — MA20 우상향 미충족 (62,280 → 61,205)
2026-06-12 15:15:12,950 [WARNING] ⛔ [프리필터 탈락] 330860 — MA20 우상향 미충족 (42,440 → 42,298)
2026-06-12 15:15:13,391 [WARNING] ⛔ [프리필터 탈락] 336570 — MA20 우상향 미충족 (8,132 → 8,050)
2026-06-12 15:15:14,575 [WARNING] ⛔ [프리필터 탈락] 050890 — MA20 우상향 미충족 (15,728 → 15,428)
2026-06-12 15:15:15,369 [WARNING] ⛔ [프리필터 탈락] 069540 — MA20 우상향 미충족 (5,106 → 4,968)
2026-06-12 15:15:15,872 [WARNING] ⛔ [프리필터 탈락] 079370 — MA20 우상향 미충족 (13,031 → 12,750)
2026-06-12 15:15:16,743 [WARNING] ⛔ [프리필터 탈락] 136480 — MA20 우상향 미충족 (2,963 → 2,945)
2026-06-12 15:15:17,437 [WARNING] ⛔ [프리필터 탈락] 358570 — MA20 우상향 미충족 (13,060 → 12,944)
2026-06-12 15:15:18,063 [WARNING] ⛔ [프리필터 탈락] 252990 — MA20 우상향 미충족 (12,901 → 12,889)
2026-06-12 15:15:18,835 [WARNING] ⛔ [프리필터 탈락] 048410 — MA20 우상향 미충족 (11,597 → 11,398)
2026-06-12 15:15:19,326 [WARNING] ⛔ [프리필터 탈락] 200470 — MA20 우상향 미충족 (8,666 → 8,620)
2026-06-12 15:15:19,816 [WARNING] ⛔ [프리필터 탈락] 425040 — MA20 우상향 미충족 (22,052 → 21,678)
2026-06-12 15:15:19,865 [WARNING] ⛔ [프리필터 탈락] 0117P0 — 일봉 4개 < 최소 122개 (신규 상장·데이터 부족)
2026-06-12 15:15:20,767 [WARNING] ⛔ [프리필터 탈락] 460930 — MA20 우상향 미충족 (16,444 → 16,158)
2026-06-12 15:15:21,322 [WARNING] ⛔ [프리필터 탈락] 033790 — MA20 우상향 미충족 (12,318 → 11,981)
2026-06-12 15:15:22,131 [WARNING] ⛔ [프리필터 탈락] 484590 — MA20 우상향 미충족 (9,366 → 9,162)
2026-06-12 15:15:22,693 [WARNING] ⛔ [프리필터 탈락] 053030 — MA20 우상향 미충족 (9,188 → 9,067)
2026-06-12 15:15:23,786 [WARNING] ⛔ [프리필터 탈락] 108860 — MA20 우상향 미충족 (10,632 → 10,461)
2026-06-12 15:15:25,247 [WARNING] ⛔ [프리필터 탈락] 077360 — MA20 우상향 미충족 (15,882 → 15,638)
2026-06-12 15:15:26,419 [WARNING] ⛔ [프리필터 탈락] 304100 — MA20 우상향 미충족 (18,844 → 18,560)
2026-06-12 15:15:27,831 [WARNING] ⛔ [프리필터 탈락] 101360 — MA20 우상향 미충족 (14,326 → 14,035)
2026-06-12 15:15:28,339 [WARNING] ⛔ [프리필터 탈락] 332570 — MA20 우상향 미충족 (11,578 → 11,408)
2026-06-12 15:15:28,924 [WARNING] ⛔ [프리필터 탈락] 126340 — MA20 우상향 미충족 (146,870 → 143,135)
2026-06-12 15:15:29,392 [WARNING] ⛔ [프리필터 탈락] 122640 — MA20 우상향 미충족 (26,740 → 26,668)
2026-06-12 15:15:30,365 [WARNING] ⛔ [프리필터 탈락] 215000 — MA20 우상향 미충족 (45,155 → 44,910)
2026-06-12 15:15:31,109 [WARNING] ⛔ [프리필터 탈락] 058970 — MA20 우상향 미충족 (24,732 → 24,518)
2026-06-12 15:15:31,529 [WARNING] ⛔ [프리필터 탈락] 348210 — MA20 우상향 미충족 (65,680 → 64,915)
2026-06-12 15:15:32,012 [WARNING] ⛔ [프리필터 탈락] 082800 — MA60 우상향 미충족 (3,100 → 3,095)
2026-06-12 15:15:32,487 [WARNING] ⛔ [프리필터 탈락] 214430 — MA20 우상향 미충족 (80,465 → 78,960)
2026-06-12 15:15:33,632 [WARNING] ⛔ [프리필터 탈락] 122870 — MA20 우상향 미충족 (46,228 → 45,778)
2026-06-12 15:15:34,850 [WARNING] ⛔ [프리필터 탈락] 348370 — MA20 우상향 미충족 (35,672 → 35,148)
2026-06-12 15:15:35,391 [WARNING] ⛔ [프리필터 탈락] 014620 — MA20 우상향 미충족 (33,185 → 32,700)
2026-06-12 15:15:36,838 [WARNING] ⛔ [프리필터 탈락] 023160 — MA20 우상향 미충족 (33,758 → 33,275)
2026-06-12 15:15:37,567 [WARNING] ⛔ [프리필터 탈락] 322310 — MA20 우상향 미충족 (27,932 → 27,460)
2026-06-12 15:15:38,406 [WARNING] ⛔ [프리필터 탈락] 222080 — MA20 우상향 미충족 (12,686 → 12,412)
2026-06-12 15:15:39,362 [WARNING] ⛔ [프리필터 탈락] 006730 — MA20 우상향 미충족 (11,762 → 11,652)
2026-06-12 15:15:40,183 [WARNING] ⛔ [프리필터 탈락] 053610 — MA20 우상향 미충족 (84,665 → 84,205)
2026-06-12 15:15:41,621 [WARNING] ⛔ [프리필터 탈락] 327260 — MA20 우상향 미충족 (91,030 → 88,325)
2026-06-12 15:15:42,051 [WARNING] ⛔ [프리필터 탈락] 125020 — MA20 우상향 미충족 (7,490 → 7,483)
2026-06-12 15:15:42,467 [WARNING] ⛔ [프리필터 탈락] 053800 — MA20 우상향 미충족 (61,215 → 60,885)
2026-06-12 15:15:43,515 [WARNING] ⛔ [프리필터 탈락] 114810 — MA20 우상향 미충족 (14,565 → 14,393)
2026-06-12 15:15:43,966 [WARNING] ⛔ [프리필터 탈락] 078350 — MA20 우상향 미충족 (32,330 → 31,880)
2026-06-12 15:15:44,404 [WARNING] ⛔ [프리필터 탈락] 200130 — MA20 우상향 미충족 (10,914 → 10,838)
2026-06-12 15:15:44,406 [WARNING] ⛔ [프리필터 탈락] 417840 — MA20 우상향 미충족 (16,490 → 16,482)
2026-06-12 15:15:45,532 [WARNING] ⛔ [프리필터 탈락] 024840 — MA20 우상향 미충족 (6,285 → 6,018)
2026-06-12 15:15:46,857 [WARNING] ⛔ [프리필터 탈락] 005860 — MA20 우상향 미충족 (3,108 → 3,050)
2026-06-12 15:15:47,516 [WARNING] ⛔ [프리필터 탈락] 138080 — MA20 우상향 미충족 (39,115 → 37,985)
2026-06-12 15:15:48,012 [WARNING] ⛔ [프리필터 탈락] 399720 — MA20 우상향 미충족 (58,518 → 57,328)
2026-06-12 15:15:48,422 [WARNING] ⛔ [프리필터 탈락] 200710 — MA20 우상향 미충족 (41,858 → 41,042)
2026-06-12 15:15:48,820 [WARNING] ⛔ [프리필터 탈락] 425420 — MA20 우상향 미충족 (54,838 → 54,088)
2026-06-12 15:15:49,323 [WARNING] ⛔ [프리필터 탈락] 230240 — MA20 우상향 미충족 (31,342 → 30,652)
2026-06-12 15:15:50,207 [WARNING] ⛔ [프리필터 탈락] 080580 — MA20 우상향 미충족 (20,393 → 19,911)
2026-06-12 15:15:50,248 [WARNING] ⛔ [프리필터 탈락] 477850 — 일봉 15개 < 최소 122개 (신규 상장·데이터 부족)
2026-06-12 15:15:50,731 [WARNING] ⛔ [프리필터 탈락] 033100 — MA20 우상향 미충족 (63,705 → 62,145)
2026-06-12 15:15:51,382 [WARNING] ⛔ [프리필터 탈락] 448900 — MA20 우상향 미충족 (98,400 → 95,880)
2026-06-12 15:15:51,868 [WARNING] ⛔ [프리필터 탈락] 035760 — MA20 우상향 미충족 (41,230 → 40,648)
2026-06-12 15:15:52,999 [WARNING] ⛔ [프리필터 탈락] 389260 — MA20 우상향 미충족 (17,093 → 16,746)
2026-06-12 15:15:53,001 [WARNING] ⛔ [프리필터 탈락] 033640 — MA20 우상향 미충족 (33,418 → 33,302)
2026-06-12 15:15:53,432 [WARNING] ⛔ [프리필터 탈락] 203650 — MA20 우상향 미충족 (3,388 → 3,347)
2026-06-12 15:15:53,950 [WARNING] ⛔ [프리필터 탈락] 036170 — MA20 우상향 미충족 (5,592 → 5,394)
2026-06-12 15:15:54,511 [WARNING] ⛔ [프리필터 탈락] 092870 — MA20 우상향 미충족 (30,495 → 29,868)
2026-06-12 15:15:54,904 [WARNING] ⛔ [프리필터 탈락] 036810 — MA20 우상향 미충족 (33,630 → 32,998)
2026-06-12 15:15:55,499 [WARNING] ⛔ [프리필터 탈락] 348340 — MA20 우상향 미충족 (59,945 → 58,890)
2026-06-12 15:15:56,278 [WARNING] ⛔ [프리필터 탈락] 060250 — MA20 우상향 미충족 (17,664 → 17,426)
2026-06-12 15:15:56,318 [WARNING] ⛔ [프리필터 탈락] 486990 — MA20 우상향 미충족 (31,655 → 31,370)
2026-06-12 15:15:56,760 [WARNING] ⛔ [프리필터 탈락] 272110 — MA20 우상향 미충족 (33,752 → 33,362)
2026-06-12 15:15:57,147 [WARNING] ⛔ [프리필터 탈락] 102710 — MA20 우상향 미충족 (46,660 → 45,985)
2026-06-12 15:15:57,562 [WARNING] ⛔ [프리필터 탈락] 254490 — MA20 우상향 미충족 (31,345 → 30,508)
2026-06-12 15:15:57,965 [WARNING] ⛔ [프리필터 탈락] 062970 — MA20 우상향 미충족 (2,889 → 2,818)
2026-06-12 15:15:58,359 [WARNING] ⛔ [프리필터 탈락] 456160 — MA20 우상향 미충족 (60,620 → 59,345)
2026-06-12 15:15:58,952 [WARNING] ⛔ [프리필터 탈락] 033500 — MA20 우상향 미충족 (21,647 → 21,249)
2026-06-12 15:15:59,519 [WARNING] ⛔ [프리필터 탈락] 019210 — MA20 우상향 미충족 (16,345 → 16,286)
2026-06-12 15:15:59,986 [WARNING] ⛔ [프리필터 탈락] 253590 — MA20 우상향 미충족 (14,888 → 14,664)
2026-06-12 15:16:00,509 [WARNING] ⛔ [프리필터 탈락] 272290 — MA20 우상향 미충족 (31,380 → 30,915)
2026-06-12 15:16:00,509 [INFO] 🔒 [2단계 프리필터] 85종 탈락 → 잔여 15종
2026-06-12 15:16:00,510 [INFO] ✅ 2차 필터 통과 15종 (데이터 수·MA 추세 검증 완료)
2026-06-12 15:16:00,521 [INFO] 📁 유니버스 저장 → D:\develop\BackTesterKRX\config\live_today_universe.json
2026-06-12 15:16:00,521 [INFO] 📋 메타 리포트 → D:\develop\BackTesterKRX\config\live_today_universe.meta.json
2026-06-12 15:16:00,543 [INFO] 🔔 [스캔 마감] 15종 유니버스 확정
2026-06-12 15:16:00,545 [INFO]    스캔 완료 — 15종
2026-06-12 15:20:00,200 [INFO] ⏰ [ROUTINE 2] 15:20 황금 타점 자동 매수 개시
2026-06-12 15:20:00,200 [INFO] 📂 유니버스 로드 — D:\develop\BackTesterKRX\config\live_today_universe.json (재스캔 없음)
2026-06-12 15:20:07,530 [INFO] 🎯 [진입 연산 시작] 15종 · 보유 1/5(동적) · 총자산 10,016,624원 · dry_run=False
2026-06-12 15:20:07,531 [INFO] 📊 [자금 관리 연산] 총자산: 10,016,624원 (예수금 9,767,117 + 평가 41,450) -> 동적 슬롯 한도: 5개 (현재 보유: 1개)
2026-06-12 15:20:07,531 [INFO] [1/15] 126640 (화신정공) 진입 조건 연산 중…
2026-06-12 15:20:07,974 [INFO] [탈락] 126640 (화신정공) — MA20 반전 미충족 — 당일 종가(4,850)가 MA20(2,303) 위에 있음(이미 이격)
2026-06-12 15:20:07,974 [INFO] 📊 [자금 관리 연산] 총자산: 10,016,624원 (예수금 9,767,117 + 평가 41,450) -> 동적 슬롯 한도: 5개 (현재 보유: 1개)
2026-06-12 15:20:07,975 [INFO] [2/15] 388790 (라이콤) 진입 조건 연산 중…
2026-06-12 15:20:08,419 [INFO] [탈락] 388790 (라이콤) — MA20 반전 미충족 — 당일 종가(7,790)가 MA20(5,382) 위에 있음(이미 이격)
2026-06-12 15:20:08,419 [INFO] 📊 [자금 관리 연산] 총자산: 10,016,624원 (예수금 9,767,117 + 평가 41,450) -> 동적 슬롯 한도: 5개 (현재 보유: 1개)
2026-06-12 15:20:08,420 [INFO] [3/15] 170920 (엘티씨) 진입 조건 연산 중…
2026-06-12 15:20:08,789 [INFO] [탈락] 170920 (엘티씨) — MA20 반전 미충족 — 당일 종가(56,100)가 MA20(44,350) 위에 있음(이미 이격)
2026-06-12 15:20:08,790 [INFO] 📊 [자금 관리 연산] 총자산: 10,016,624원 (예수금 9,767,117 + 평가 41,450) -> 동적 슬롯 한도: 5개 (현재 보유: 1개)
2026-06-12 15:20:08,790 [INFO] [4/15] 066430 (아이로보틱스) 진입 조건 연산 중…
2026-06-12 15:20:09,540 [INFO] [탈락] 066430 (아이로보틱스) — MA20 반전 미충족 — 당일 종가(4,195)가 MA20(3,308) 위에 있음(이미 이격)
2026-06-12 15:20:09,540 [INFO] 📊 [자금 관리 연산] 총자산: 10,016,624원 (예수금 9,767,117 + 평가 41,450) -> 동적 슬롯 한도: 5개 (현재 보유: 1개)
2026-06-12 15:20:09,541 [INFO] [5/15] 064290 (인텍플러스) 진입 조건 연산 중…
2026-06-12 15:20:09,912 [INFO] [탈락] 064290 (인텍플러스) — MA20 반전 미충족 — 당일 종가(42,550)가 MA20(35,232) 위에 있음(이미 이격)
2026-06-12 15:20:09,913 [INFO] 📊 [자금 관리 연산] 총자산: 10,016,624원 (예수금 9,767,117 + 평가 41,450) -> 동적 슬롯 한도: 5개 (현재 보유: 1개)
2026-06-12 15:20:09,913 [INFO] [6/15] 160980 (싸이맥스) 진입 조건 연산 중…
2026-06-12 15:20:10,639 [INFO] [탈락] 160980 (싸이맥스) — MA20 반전 미충족 — 당일 종가(46,300)가 MA20(35,240) 위에 있음(이미 이격)
2026-06-12 15:20:10,640 [INFO] 📊 [자금 관리 연산] 총자산: 10,016,624원 (예수금 9,767,117 + 평가 41,450) -> 동적 슬롯 한도: 5개 (현재 보유: 1개)
2026-06-12 15:20:10,640 [INFO] [7/15] 242040 (나무기술) 진입 조건 연산 중…
2026-06-12 15:20:11,008 [INFO] [탈락] 242040 (나무기술) — MA20 반전 미충족 — 당일 종가(7,990)가 MA20(6,397) 위에 있음(이미 이격)
2026-06-12 15:20:11,008 [INFO] 📊 [자금 관리 연산] 총자산: 10,016,624원 (예수금 9,767,117 + 평가 41,450) -> 동적 슬롯 한도: 5개 (현재 보유: 1개)
2026-06-12 15:20:11,008 [INFO] [8/15] 219130 (타이거일렉) 진입 조건 연산 중…
2026-06-12 15:20:11,527 [INFO] [탈락] 219130 (타이거일렉) — MA20 반전 미충족 — 당일 종가(78,100)가 MA20(59,440) 위에 있음(이미 이격)
2026-06-12 15:20:11,528 [INFO] 📊 [자금 관리 연산] 총자산: 10,016,624원 (예수금 9,767,117 + 평가 41,450) -> 동적 슬롯 한도: 5개 (현재 보유: 1개)
2026-06-12 15:20:11,528 [INFO] [9/15] 457370 (한켐) 진입 조건 연산 중…
2026-06-12 15:20:11,989 [INFO] [탈락] 457370 (한켐) — MA20 반전 미충족 — 당일 종가(12,160)가 MA20(10,716) 위에 있음(이미 이격)
2026-06-12 15:20:11,989 [INFO] 📊 [자금 관리 연산] 총자산: 10,016,624원 (예수금 9,767,117 + 평가 41,450) -> 동적 슬롯 한도: 5개 (현재 보유: 1개)
2026-06-12 15:20:11,989 [INFO] [10/15] 357880 (SKAI) 진입 조건 연산 중…
2026-06-12 15:20:12,382 [INFO] 🔥 [진입 시그널 포착] 357880 (SKAI) @ 4,310 x13 — 통과 — MA20 눌림·우상향·변곡 돌파
2026-06-12 15:20:12,382 [INFO] 📊 [자금 관리 연산] 총자산: 10,016,624원 (예수금 9,767,117 + 평가 41,450) -> 동적 슬롯 한도: 5개 (현재 보유: 1개)
2026-06-12 15:20:12,383 [INFO] 🚀 [주문 전송] 357880 x13 @ 시장가 (4,310)
2026-06-12 15:20:18,263 [INFO] 📡 [한투 API Response Raw Data] -> {'rt_cd': '0', 'msg_cd': '40600000', 'msg1': '모의투자 매수주문이 완료 되었습니다.', 'output': {'KRX_FWDG_ORD_ORGNO': '00950', 'ODNO': '0000040366', 'ORD_TMD': '152018', 'SOR_ODNO': ''}}
2026-06-12 15:20:18,288 [INFO] ✅ [체결 완료] SKAI 장부 동기화 완료.
2026-06-12 15:20:18,289 [INFO]    ✅ [체결 기록] 357880 (SKAI) @ 4,310 x13 (로컬 장부 저장·잔고 API 생략)
2026-06-12 15:20:18,291 [INFO] 📊 [자금 관리 연산] 총자산: 9,808,309원 (예수금 9,711,079 + 평가 97,230) -> 동적 슬롯 한도: 5개 (현재 보유: 2개)
2026-06-12 15:20:18,293 [INFO] [11/15] 052710 (아모텍) 진입 조건 연산 중…
2026-06-12 15:20:18,708 [INFO] [탈락] 052710 (아모텍) — MA20 반전 미충족 — 당일 종가(27,300)가 MA20(23,491) 위에 있음(이미 이격)
2026-06-12 15:20:18,715 [INFO] 📊 [자금 관리 연산] 총자산: 9,808,309원 (예수금 9,711,079 + 평가 97,230) -> 동적 슬롯 한도: 5개 (현재 보유: 2개)
2026-06-12 15:20:18,722 [INFO] [12/15] 356680 (엑스게이트) 진입 조건 연산 중…
2026-06-12 15:20:19,230 [INFO] [탈락] 356680 (엑스게이트) — MA20 하락 추세 — MA20(19,515) ≤ 전일 MA20(19,565)
2026-06-12 15:20:19,230 [INFO] 📊 [자금 관리 연산] 총자산: 9,808,309원 (예수금 9,711,079 + 평가 97,230) -> 동적 슬롯 한도: 5개 (현재 보유: 2개)
2026-06-12 15:20:19,231 [INFO] [13/15] 452280 (한선엔지니어링) 진입 조건 연산 중…
2026-06-12 15:20:19,837 [INFO] [탈락] 452280 (한선엔지니어링) — 변곡 미충족 — 당일 종가(19,870) ≤ 20일 전 종가(23,300)
2026-06-12 15:20:19,838 [INFO] 📊 [자금 관리 연산] 총자산: 9,808,309원 (예수금 9,711,079 + 평가 97,230) -> 동적 슬롯 한도: 5개 (현재 보유: 2개)
2026-06-12 15:20:19,838 [INFO] [14/15] 187870 (디바이스) 진입 조건 연산 중…
2026-06-12 15:20:20,270 [INFO] [탈락] 187870 (디바이스) — 변곡 미충족 — 당일 종가(23,600) ≤ 20일 전 종가(27,950)
2026-06-12 15:20:20,270 [INFO] 📊 [자금 관리 연산] 총자산: 9,808,309원 (예수금 9,711,079 + 평가 97,230) -> 동적 슬롯 한도: 5개 (현재 보유: 2개)
2026-06-12 15:20:20,271 [INFO] [15/15] 126730 (코칩) 진입 조건 연산 중…
2026-06-12 15:20:20,733 [INFO] 🔥 [진입 시그널 포착] 126730 (코칩) @ 21,400 x2 — 통과 — MA20 눌림·우상향·변곡 돌파
2026-06-12 15:20:20,734 [INFO] 📊 [자금 관리 연산] 총자산: 9,808,309원 (예수금 9,711,079 + 평가 97,230) -> 동적 슬롯 한도: 5개 (현재 보유: 2개)
2026-06-12 15:20:20,734 [INFO] 🚀 [주문 전송] 126730 x2 @ 시장가 (21,400)
2026-06-12 15:20:22,881 [INFO] 📡 [한투 API Response Raw Data] -> {'rt_cd': '0', 'msg_cd': '40600000', 'msg1': '모의투자 매수주문이 완료 되었습니다.', 'output': {'KRX_FWDG_ORD_ORGNO': '00950', 'ODNO': '0000040386', 'ORD_TMD': '152023', 'SOR_ODNO': ''}}
2026-06-12 15:20:22,909 [INFO] ✅ [체결 완료] 코칩 장부 동기화 완료.
2026-06-12 15:20:22,917 [INFO]    ✅ [체결 기록] 126730 (코칩) @ 21,400 x2 (로컬 장부 저장·잔고 API 생략)
2026-06-12 15:20:22,925 [INFO] 🏁 [진입 연산 종료] 최종 보유 3종 · 신규 체결 2종 · 거부 0건
2026-06-12 15:20:30,588 [INFO] 📸 [자산 스냅샷] 2026-06-12 — 총자산 10,016,624원
2026-06-12 15:20:30,588 [INFO] ✅ [자동 매수 완료] 2종 체결 · 장부·스냅샷 반영
2026-06-12 15:21:00,592 [INFO] 💓 [Engine Heartbeat] 2026-06-12 15:21:00 | 봇 엔진 이상 없음 (구동 중)
2026-06-12 15:30:00,207 [INFO] ⏰ [스케줄러 트리거] 15:30 정규장 마감 정산
2026-06-12 15:30:00,249 [INFO] 📅 [hold_days 벌크업] 3종 보유일수 +1 반영
2026-06-12 15:30:00,249 [INFO] ⏳ KIS 정규장 마감 체결 전산 반영 대기 (15초)...
2026-06-12 15:30:15,251 [INFO] 📡 [장개시 전 전산 동기화] 한투 잔고 조회 시작
2026-06-12 15:30:17,920 [INFO] ✅ [KIS 동기화 완료] 보유 3종 · 총자산 10,016,724원 · 예수금 9,767,117원
2026-06-12 15:31:00,701 [INFO] 💓 [Engine Heartbeat] 2026-06-12 15:31:00 | 봇 엔진 이상 없음 (구동 중)
2026-06-12 15:41:01,536 [INFO] 💓 [Engine Heartbeat] 2026-06-12 15:41:01 | 봇 엔진 이상 없음 (구동 중)
2026-06-12 15:51:01,645 [INFO] 💓 [Engine Heartbeat] 2026-06-12 15:51:01 | 봇 엔진 이상 없음 (구동 중)
2026-06-12 16:01:02,412 [INFO] 💓 [Engine Heartbeat] 2026-06-12 16:01:02 | 봇 엔진 이상 없음 (구동 중)
2026-06-12 16:11:03,265 [INFO] 💓 [Engine Heartbeat] 2026-06-12 16:11:03 | 봇 엔진 이상 없음 (구동 중)
2026-06-15 23:43:52,985 [INFO] 📱 텔레그램 알림 활성화 (chat_id=6238442797)
2026-06-15 23:43:53,070 [INFO] 📦 SQLite 스키마 초기화 — D:\develop\BackTesterKRX\data\live_trading.db
2026-06-15 23:43:53,093 [INFO] 📡 KIS OAuth2 토큰 발급 (paper)
2026-06-15 23:43:58,173 [INFO] ✅ OAuth2 토큰 발급 성공
2026-06-15 23:43:58,190 [INFO] 🚀 [무인 자동화 봇] v5.5.2 코스닥 스나이퍼 완전 자동 마스터 엔진
2026-06-15 23:43:58,190 [INFO]    스케줄 KST: 08:50 KIS동기화 · 15:15 스캔 · 15:20 진입 · 15:30 정산 · 09:00~15:30 감시(0.5s) · dry_run=False
2026-06-15 23:43:58,211 [INFO] [실시간 실전 감시 시작] 현재 추적 중인 종목: ['037460', '126730', '357880'] · poll=0.5s
2026-06-15 23:43:58,213 [INFO] 💓 [Engine Heartbeat] 2026-06-15 23:43:58 | 봇 엔진 이상 없음 (구동 중)
2026-06-15 23:43:58,214 [INFO] 📡 [동기화 보정] 08:50 경과 · 한투 잔고 즉시 동기화
2026-06-15 23:43:58,214 [INFO] 📡 [장개시 전 전산 동기화] 한투 잔고 조회 시작
2026-06-15 23:44:01,060 [INFO] ✅ [KIS 동기화 완료] 보유 3종 · 총자산 10,018,764원 · 예수금 9,876,209원
2026-06-15 23:54:01,138 [INFO] 💓 [Engine Heartbeat] 2026-06-15 23:54:01 | 봇 엔진 이상 없음 (구동 중)
2026-06-16 00:04:01,964 [INFO] 💓 [Engine Heartbeat] 2026-06-16 00:04:01 | 봇 엔진 이상 없음 (구동 중)
2026-06-16 00:14:02,613 [INFO] 💓 [Engine Heartbeat] 2026-06-16 00:14:02 | 봇 엔진 이상 없음 (구동 중)
2026-06-16 00:24:02,986 [INFO] 💓 [Engine Heartbeat] 2026-06-16 00:24:02 | 봇 엔진 이상 없음 (구동 중)
2026-06-16 00:34:03,284 [INFO] 💓 [Engine Heartbeat] 2026-06-16 00:34:03 | 봇 엔진 이상 없음 (구동 중)
2026-06-16 00:44:04,050 [INFO] 💓 [Engine Heartbeat] 2026-06-16 00:44:04 | 봇 엔진 이상 없음 (구동 중)
2026-06-16 00:54:04,182 [INFO] 💓 [Engine Heartbeat] 2026-06-16 00:54:04 | 봇 엔진 이상 없음 (구동 중)
2026-06-16 01:04:04,886 [INFO] 💓 [Engine Heartbeat] 2026-06-16 01:04:04 | 봇 엔진 이상 없음 (구동 중)
2026-06-16 01:14:05,464 [INFO] 💓 [Engine Heartbeat] 2026-06-16 01:14:05 | 봇 엔진 이상 없음 (구동 중)
2026-06-16 01:24:06,021 [INFO] 💓 [Engine Heartbeat] 2026-06-16 01:24:06 | 봇 엔진 이상 없음 (구동 중)
2026-06-16 01:34:06,876 [INFO] 💓 [Engine Heartbeat] 2026-06-16 01:34:06 | 봇 엔진 이상 없음 (구동 중)
2026-06-16 01:44:07,072 [INFO] 💓 [Engine Heartbeat] 2026-06-16 01:44:07 | 봇 엔진 이상 없음 (구동 중)
2026-06-16 01:54:07,449 [INFO] 💓 [Engine Heartbeat] 2026-06-16 01:54:07 | 봇 엔진 이상 없음 (구동 중)
2026-06-16 02:04:08,080 [INFO] 💓 [Engine Heartbeat] 2026-06-16 02:04:08 | 봇 엔진 이상 없음 (구동 중)
2026-06-16 02:14:09,078 [INFO] 💓 [Engine Heartbeat] 2026-06-16 02:14:09 | 봇 엔진 이상 없음 (구동 중)
