2026-06-17 20:56:29,721 [INFO] 🧪 [MOCK] v11.2 ORB 모의투자 검증 시작 (속도=0.000s/분)
2026-06-17 20:56:36,404 [INFO] 📐 [삼성전자] ORB 기준선 확정 — 고점 50803원 (시가 50000원)
2026-06-17 20:56:36,405 [INFO] 📐 [SK하이닉스] ORB 기준선 확정 — 고점 83476원 (시가 82000원)
2026-06-17 20:56:36,405 [INFO] 📐 [NAVER] ORB 기준선 확정 — 고점 121943원 (시가 120000원)
2026-06-17 20:56:36,405 [INFO] 📐 [LG화학] ORB 기준선 확정 — 고점 35562원 (시가 35000원)
2026-06-17 20:56:36,405 [INFO] 📐 [삼성SDI] ORB 기준선 확정 — 고점 18337원 (시가 18000원)
2026-06-17 20:56:36,405 [INFO] 📐 [카카오] ORB 기준선 확정 — 고점 50700원 (시가 50000원)
2026-06-17 20:56:36,408 [INFO] 📐 [현대차] ORB 기준선 확정 — 고점 83496원 (시가 82000원)
2026-06-17 20:56:36,408 [INFO] 📐 [셀트리온] ORB 기준선 확정 — 고점 121853원 (시가 120000원)
2026-06-17 20:56:36,408 [INFO] 📐 [삼성물산] ORB 기준선 확정 — 고점 35536원 (시가 35000원)
2026-06-17 20:56:36,408 [INFO] 📐 [KB금융] ORB 기준선 확정 — 고점 18313원 (시가 18000원)
2026-06-17 20:56:36,409 [INFO] [09:16] 삼성SDI 1분봉 돌파! 가상 매수 체결 — 현재가 18,346원 (수량 27)
2026-06-17 20:56:36,411 [INFO] [09:16] 삼성물산 1분봉 돌파! 가상 매수 체결 — 현재가 35,572원 (수량 14)
2026-06-17 20:56:36,412 [INFO] [09:17] LG화학 1분봉 돌파! 가상 매수 체결 — 현재가 35,569원 (수량 14)
2026-06-17 20:56:36,412 [INFO] [09:17] 셀트리온 1분봉 돌파! 가상 매수 체결 — 현재가 121,869원 (수량 4)
2026-06-17 20:56:36,414 [INFO] [09:30] 삼성물산 청산 (PARTIAL_TP_50) — 36676원 × 7주
2026-06-17 20:56:36,414 [INFO] [09:31] 삼성물산 청산 (RISK_FREE_BREAKEVEN) — 35608원 × 7주
2026-06-17 20:56:36,415 [INFO] [09:31] KB금융 1분봉 돌파! 가상 매수 체결 — 현재가 18,934원 (수량 26)
2026-06-17 20:56:36,416 [INFO] [09:31] KB금융 청산 (STOP_LOSS) — 18480원 × 26주
2026-06-17 20:56:36,432 [INFO] [09:32] LG화학 청산 (PARTIAL_TP_50) — 36673원 × 7주
2026-06-17 20:56:36,472 [INFO] [09:32] 카카오 1분봉 돌파! 가상 매수 체결 — 현재가 52,464원 (수량 9)
2026-06-17 20:56:36,473 [INFO] [09:32] 카카오 청산 (STOP_LOSS) — 51203원 × 9주
2026-06-17 20:56:36,489 [INFO] [09:32] 현대차 1분봉 돌파! 가상 매수 체결 — 현재가 86,508원 (수량 5)
2026-06-17 20:56:36,494 [INFO] [09:32] 현대차 청산 (STOP_LOSS) — 84430원 × 5주
2026-06-17 20:56:36,495 [INFO] [09:33] LG화학 청산 (RISK_FREE_BREAKEVEN) — 35605원 × 7주
2026-06-17 20:56:36,495 [INFO] [09:33] 삼성SDI 청산 (PARTIAL_TP_50) — 18915원 × 13주
2026-06-17 20:56:36,496 [INFO] [09:34] 삼성SDI 청산 (RISK_FREE_BREAKEVEN) — 18364원 × 14주
2026-06-17 20:56:36,497 [INFO] [09:34] 셀트리온 청산 (PARTIAL_TP_50) — 125650원 × 2주
2026-06-17 20:56:36,498 [INFO] [09:35] 셀트리온 청산 (RISK_FREE_BREAKEVEN) — 121991원 × 2주
2026-06-17 20:56:36,500 [INFO] [10:09] NAVER 1분봉 돌파! 가상 매수 체결 — 현재가 134,786원 (수량 3)
2026-06-17 20:56:36,500 [INFO] [10:09] NAVER 청산 (STOP_LOSS) — 131548원 × 3주
2026-06-17 20:56:36,509 [WARNING] ⚠️ [자본 부분 수혈] 금고 잔액 부족으로 0원만 수혈. 현재 가용자산: 1,965,491원
2026-06-17 20:56:36,512 [INFO] 📊 [15:30 EOD] 총자산 1,965,491원 · Safe Vault 0원 · 이벤트=refill_partial
2026-06-17 20:56:36,512 [INFO] 🧪 [MOCK] 검증 결과: PASS ✅
2026-06-17 20:56:36,512 [INFO]   - orb_setup_locked: OK
2026-06-17 20:56:36,512 [INFO]   - minute_steps: OK
2026-06-17 20:56:36,512 [INFO]   - eod_settled: OK
2026-06-17 20:56:36,512 [INFO]   - 초기자산 2,000,000 → 최종 1,965,491 · 매매=Y · 진입시도=Y
2026-06-17 21:08:22,474 [INFO] 📦 v11.2 DB 스키마 준비 — D:\develop\BackTesterKRX\data\live_trading.db
2026-06-17 21:08:22,474 [INFO] 📱 v11.2 텔레그램 알림 활성화
2026-06-17 21:08:22,474 [INFO] 🧪 [MOCK] v11.2 ORB 모의투자 검증 시작 (속도=0.000s/분)
2026-06-17 21:08:27,676 [INFO] 📐 [삼성전자] ORB 기준선 확정 — 고점 50803원 (시가 50000원)
2026-06-17 21:08:27,676 [INFO] 📐 [SK하이닉스] ORB 기준선 확정 — 고점 83476원 (시가 82000원)
2026-06-17 21:08:27,676 [INFO] 📐 [NAVER] ORB 기준선 확정 — 고점 121943원 (시가 120000원)
2026-06-17 21:08:27,676 [INFO] 📐 [LG화학] ORB 기준선 확정 — 고점 35562원 (시가 35000원)
2026-06-17 21:08:27,677 [INFO] 📐 [삼성SDI] ORB 기준선 확정 — 고점 18337원 (시가 18000원)
2026-06-17 21:08:27,677 [INFO] 📐 [카카오] ORB 기준선 확정 — 고점 50700원 (시가 50000원)
2026-06-17 21:08:27,677 [INFO] 📐 [현대차] ORB 기준선 확정 — 고점 83496원 (시가 82000원)
2026-06-17 21:08:27,677 [INFO] 📐 [셀트리온] ORB 기준선 확정 — 고점 121853원 (시가 120000원)
2026-06-17 21:08:27,677 [INFO] 📐 [삼성물산] ORB 기준선 확정 — 고점 35536원 (시가 35000원)
2026-06-17 21:08:27,677 [INFO] 📐 [KB금융] ORB 기준선 확정 — 고점 18313원 (시가 18000원)
2026-06-17 21:08:27,687 [INFO] [09:16] 삼성SDI 1분봉 돌파! 가상 매수 체결 — 현재가 18,346원 (수량 27)
2026-06-17 21:08:27,689 [INFO] [09:16] 삼성물산 1분봉 돌파! 가상 매수 체결 — 현재가 35,572원 (수량 14)
2026-06-17 21:08:27,700 [INFO] [09:17] LG화학 1분봉 돌파! 가상 매수 체결 — 현재가 35,569원 (수량 14)
2026-06-17 21:08:27,702 [INFO] [09:17] 셀트리온 1분봉 돌파! 가상 매수 체결 — 현재가 121,869원 (수량 4)
2026-06-17 21:08:27,817 [INFO] [09:30] 삼성물산 청산 (PARTIAL_TP_50) — 36676원 × 7주
2026-06-17 21:08:27,841 [INFO] [09:31] 삼성물산 청산 (RISK_FREE_BREAKEVEN) — 35608원 × 7주
2026-06-17 21:08:27,853 [INFO] [09:31] KB금융 1분봉 돌파! 가상 매수 체결 — 현재가 18,934원 (수량 26)
2026-06-17 21:08:27,855 [INFO] [09:31] KB금융 청산 (STOP_LOSS) — 18480원 × 26주
2026-06-17 21:08:27,876 [INFO] [09:32] LG화학 청산 (PARTIAL_TP_50) — 36673원 × 7주
2026-06-17 21:08:27,888 [INFO] [09:32] 카카오 1분봉 돌파! 가상 매수 체결 — 현재가 52,464원 (수량 9)
2026-06-17 21:08:27,889 [INFO] [09:32] 카카오 청산 (STOP_LOSS) — 51203원 × 9주
2026-06-17 21:08:27,900 [INFO] [09:32] 현대차 1분봉 돌파! 가상 매수 체결 — 현재가 86,508원 (수량 5)
2026-06-17 21:08:27,903 [INFO] [09:32] 현대차 청산 (STOP_LOSS) — 84430원 × 5주
2026-06-17 21:08:27,928 [INFO] [09:33] LG화학 청산 (RISK_FREE_BREAKEVEN) — 35605원 × 7주
2026-06-17 21:08:27,938 [INFO] [09:33] 삼성SDI 청산 (PARTIAL_TP_50) — 18915원 × 13주
2026-06-17 21:08:27,957 [INFO] [09:34] 삼성SDI 청산 (RISK_FREE_BREAKEVEN) — 18364원 × 14주
2026-06-17 21:08:27,969 [INFO] [09:34] 셀트리온 청산 (PARTIAL_TP_50) — 125650원 × 2주
2026-06-17 21:08:27,991 [INFO] [09:35] 셀트리온 청산 (RISK_FREE_BREAKEVEN) — 121991원 × 2주
2026-06-17 21:08:28,338 [INFO] [10:09] NAVER 1분봉 돌파! 가상 매수 체결 — 현재가 134,786원 (수량 3)
2026-06-17 21:08:28,341 [INFO] [10:09] NAVER 청산 (STOP_LOSS) — 131548원 × 3주
2026-06-17 21:08:31,524 [WARNING] ⚠️ [자본 부분 수혈] 금고 잔액 부족으로 0원만 수혈. 현재 가용자산: 1,965,491원
2026-06-17 21:08:31,535 [INFO] 📜 EOD 장부 저장 — v11_live_trades_20260617.csv, v11_live_report_20260617.md
2026-06-17 21:08:31,536 [INFO] 📊 [15:30 EOD] 총자산 1,965,491원 · Safe Vault 0원 · 이벤트=refill_partial
2026-06-17 21:08:31,545 [INFO] 🧪 [MOCK] 검증 결과: PASS ✅
2026-06-17 21:08:31,546 [INFO]   - orb_setup_locked: OK
2026-06-17 21:08:31,546 [INFO]   - minute_steps: OK
2026-06-17 21:08:31,546 [INFO]   - eod_settled: OK
2026-06-17 21:08:31,546 [INFO]   - 초기자산 2,000,000 → 최종 1,965,491 · 매매=Y · 진입시도=Y
2026-06-17 21:14:13,325 [INFO] 📦 v11.2 DB 스키마 준비 — D:\develop\BackTesterKRX\data\live_trading.db
2026-06-17 21:14:13,325 [INFO] 📱 v11.2 텔레그램 알림 활성화
2026-06-17 21:14:13,326 [INFO] 🧪 [MOCK] v11.2 ORB 모의투자 검증 시작 (속도=0.000s/분)
2026-06-17 21:14:19,532 [INFO] 📐 [삼성전자] ORB 기준선 확정 — 고점 50803원 (시가 50000원)
2026-06-17 21:14:19,537 [INFO] 📐 [SK하이닉스] ORB 기준선 확정 — 고점 83476원 (시가 82000원)
2026-06-17 21:14:19,538 [INFO] 📐 [NAVER] ORB 기준선 확정 — 고점 121943원 (시가 120000원)
2026-06-17 21:14:19,538 [INFO] 📐 [LG화학] ORB 기준선 확정 — 고점 35562원 (시가 35000원)
2026-06-17 21:14:19,538 [INFO] 📐 [삼성SDI] ORB 기준선 확정 — 고점 18337원 (시가 18000원)
2026-06-17 21:14:19,538 [INFO] 📐 [카카오] ORB 기준선 확정 — 고점 50700원 (시가 50000원)
2026-06-17 21:14:19,539 [INFO] 📐 [현대차] ORB 기준선 확정 — 고점 83496원 (시가 82000원)
2026-06-17 21:14:19,539 [INFO] 📐 [셀트리온] ORB 기준선 확정 — 고점 121853원 (시가 120000원)
2026-06-17 21:14:19,539 [INFO] 📐 [삼성물산] ORB 기준선 확정 — 고점 35536원 (시가 35000원)
2026-06-17 21:14:19,539 [INFO] 📐 [KB금융] ORB 기준선 확정 — 고점 18313원 (시가 18000원)
2026-06-17 21:14:19,549 [INFO] [09:16] 삼성SDI 1분봉 돌파! 가상 매수 체결 — 현재가 18,346원 (수량 27)
2026-06-17 21:14:19,551 [INFO] [09:16] 삼성물산 1분봉 돌파! 가상 매수 체결 — 현재가 35,572원 (수량 14)
2026-06-17 21:14:19,563 [INFO] [09:17] LG화학 1분봉 돌파! 가상 매수 체결 — 현재가 35,569원 (수량 14)
2026-06-17 21:14:19,564 [INFO] [09:17] 셀트리온 1분봉 돌파! 가상 매수 체결 — 현재가 121,869원 (수량 4)
2026-06-17 21:14:19,670 [INFO] [09:30] 삼성물산 청산 (PARTIAL_TP_50) — 36676원 × 7주
2026-06-17 21:14:19,729 [INFO] [09:31] 삼성물산 청산 (RISK_FREE_BREAKEVEN) — 35608원 × 7주
2026-06-17 21:14:19,741 [INFO] [09:31] KB금융 1분봉 돌파! 가상 매수 체결 — 현재가 18,934원 (수량 26)
2026-06-17 21:14:19,743 [INFO] [09:31] KB금융 청산 (STOP_LOSS) — 18480원 × 26주
2026-06-17 21:14:19,764 [INFO] [09:32] LG화학 청산 (PARTIAL_TP_50) — 36673원 × 7주
2026-06-17 21:14:19,775 [INFO] [09:32] 카카오 1분봉 돌파! 가상 매수 체결 — 현재가 52,464원 (수량 9)
2026-06-17 21:14:19,778 [INFO] [09:32] 카카오 청산 (STOP_LOSS) — 51203원 × 9주
2026-06-17 21:14:19,788 [INFO] [09:32] 현대차 1분봉 돌파! 가상 매수 체결 — 현재가 86,508원 (수량 5)
2026-06-17 21:14:19,958 [INFO] [09:32] 현대차 청산 (STOP_LOSS) — 84430원 × 5주
2026-06-17 21:14:20,264 [INFO] [09:33] LG화학 청산 (RISK_FREE_BREAKEVEN) — 35605원 × 7주
2026-06-17 21:14:20,376 [INFO] [09:33] 삼성SDI 청산 (PARTIAL_TP_50) — 18915원 × 13주
2026-06-17 21:14:20,530 [INFO] [09:34] 삼성SDI 청산 (RISK_FREE_BREAKEVEN) — 18364원 × 14주
2026-06-17 21:14:20,557 [INFO] [09:34] 셀트리온 청산 (PARTIAL_TP_50) — 125650원 × 2주
2026-06-17 21:14:20,585 [INFO] [09:35] 셀트리온 청산 (RISK_FREE_BREAKEVEN) — 121991원 × 2주
2026-06-17 21:14:21,031 [INFO] [10:09] NAVER 1분봉 돌파! 가상 매수 체결 — 현재가 134,786원 (수량 3)
2026-06-17 21:14:21,034 [INFO] [10:09] NAVER 청산 (STOP_LOSS) — 131548원 × 3주
2026-06-17 21:14:24,140 [WARNING] ⚠️ [자본 부분 수혈] 금고 잔액 부족으로 0원만 수혈. 현재 가용자산: 1,965,491원
2026-06-17 21:14:24,152 [INFO] 📜 EOD 장부 저장 — v11_live_trades_20260617.csv, v11_live_report_20260617.md
2026-06-17 21:14:24,153 [INFO] 📊 [15:30 EOD] 총자산 1,965,491원 · Safe Vault 0원 · 이벤트=refill_partial
2026-06-17 21:14:24,165 [INFO] 🧪 [MOCK] 검증 결과: PASS ✅
2026-06-17 21:14:24,166 [INFO]   - orb_setup_locked: OK
2026-06-17 21:14:24,166 [INFO]   - minute_steps: OK
2026-06-17 21:14:24,166 [INFO]   - eod_settled: OK
2026-06-17 21:14:24,167 [INFO]   - 초기자산 2,000,000 → 최종 1,965,491 · 매매=Y · 진입시도=Y
2026-06-17 21:20:55,887 [INFO] 📦 v11.2 DB 스키마 준비 — D:\develop\BackTesterKRX\data\live_trading.db
2026-06-17 21:20:55,888 [INFO] 📱 v11.2 텔레그램 알림 활성화
2026-06-17 21:20:55,889 [INFO] 🚀 v11.2 ORB 실시간 모의투자 시작 — 09:00~15:30 KST
2026-06-17 21:20:55,889 [INFO] ⏳ 장 외 대기 — 2026-06-18 08:55 KST 개장까지 694분 4초
2026-06-18 08:48:10,136 [INFO] 📦 v11.2 DB 스키마 준비 — D:\develop\BackTesterKRX\data\live_trading.db
2026-06-18 08:48:10,137 [INFO] 📱 v11.2 텔레그램 알림 활성화
2026-06-18 08:48:10,149 [INFO] 🚀 v11.2 ORB 실시간 모의투자 시작 — 09:00~15:30 KST
2026-06-18 08:48:10,149 [INFO] ⏳ 장 외 대기 — 2026-06-18 09:00 KST 개장까지 11분 49초
2026-06-18 08:59:59,482 [INFO] ⏳ 장 외 대기 — 2026-06-18 09:00 KST 개장까지 0분 1초
2026-06-18 09:14:28,911 [INFO] 📦 v11.2 DB 스키마 준비 — D:\develop\BackTesterKRX\data\live_trading.db
2026-06-18 09:14:28,911 [INFO] 📱 v11.2 텔레그램 알림 활성화
2026-06-18 09:14:28,911 [INFO] 🧪 [MOCK] v11.2 ORB 모의투자 검증 시작 (속도=0.000s/분)
2026-06-18 09:14:37,589 [INFO] 📐 [삼성전자] ORB 기준선 확정 — 고점 50968원 (시가 50000원)
2026-06-18 09:14:37,590 [INFO] 📐 [SK하이닉스] ORB 기준선 확정 — 고점 83305원 (시가 82000원)
2026-06-18 09:14:37,590 [INFO] 📐 [NAVER] ORB 기준선 확정 — 고점 122287원 (시가 120000원)
2026-06-18 09:14:37,590 [INFO] 📐 [LG화학] ORB 기준선 확정 — 고점 35583원 (시가 35000원)
2026-06-18 09:14:37,590 [INFO] 📐 [삼성SDI] ORB 기준선 확정 — 고점 18388원 (시가 18000원)
2026-06-18 09:14:37,590 [INFO] 📐 [카카오] ORB 기준선 확정 — 고점 50861원 (시가 50000원)
2026-06-18 09:14:37,590 [INFO] 📐 [현대차] ORB 기준선 확정 — 고점 83310원 (시가 82000원)
2026-06-18 09:14:37,590 [INFO] 📐 [셀트리온] ORB 기준선 확정 — 고점 122194원 (시가 120000원)
2026-06-18 09:14:37,590 [INFO] 📐 [삼성물산] ORB 기준선 확정 — 고점 35612원 (시가 35000원)
2026-06-18 09:14:37,590 [INFO] 📐 [KB금융] ORB 기준선 확정 — 고점 18280원 (시가 18000원)
2026-06-18 09:14:37,599 [INFO] [09:16] LG화학 1분봉 돌파! 가상 매수 체결 — 현재가 35,588원 (수량 14)
2026-06-18 09:14:37,604 [INFO] [09:16] 삼성SDI 1분봉 돌파! 가상 매수 체결 — 현재가 18,421원 (수량 27)
2026-06-18 09:14:37,610 [INFO] [09:16] 셀트리온 1분봉 돌파! 가상 매수 체결 — 현재가 122,428원 (수량 4)
2026-06-18 09:14:37,611 [INFO] [09:16] 삼성물산 1분봉 돌파! 가상 매수 체결 — 현재가 35,760원 (수량 13)
2026-06-18 09:14:37,767 [INFO] [09:29] LG화학 청산 (PARTIAL_TP_50) — 36693원 × 7주
2026-06-18 09:14:37,785 [INFO] [09:30] LG화학 청산 (RISK_FREE_BREAKEVEN) — 35624원 × 7주
2026-06-18 09:14:37,800 [INFO] [09:30] 현대차 1분봉 돌파! 가상 매수 체결 — 현재가 85,695원 (수량 5)
2026-06-18 09:14:37,802 [INFO] [09:30] 현대차 청산 (STOP_LOSS) — 83636원 × 5주
2026-06-18 09:14:37,813 [INFO] [09:30] KB금융 1분봉 돌파! 가상 매수 체결 — 현재가 18,831원 (수량 26)
2026-06-18 09:14:37,815 [INFO] [09:30] KB금융 청산 (STOP_LOSS) — 18378원 × 26주
2026-06-18 09:14:37,833 [INFO] [09:31] 삼성SDI 청산 (PARTIAL_TP_50) — 18993원 × 13주
2026-06-18 09:14:37,849 [INFO] [09:32] 삼성SDI 청산 (RISK_FREE_BREAKEVEN) — 18440원 × 14주
2026-06-18 09:14:37,863 [INFO] [09:32] 셀트리온 청산 (PARTIAL_TP_50) — 126227원 × 2주
2026-06-18 09:14:37,878 [INFO] [09:32] 삼성물산 청산 (PARTIAL_TP_50) — 36870원 × 6주
2026-06-18 09:14:37,895 [INFO] [09:33] 셀트리온 청산 (RISK_FREE_BREAKEVEN) — 122550원 × 2주
2026-06-18 09:14:37,905 [INFO] [09:33] 삼성물산 청산 (RISK_FREE_BREAKEVEN) — 35796원 × 7주
2026-06-18 09:14:38,157 [INFO] [09:48] 카카오 1분봉 돌파! 가상 매수 체결 — 현재가 54,441원 (수량 9)
2026-06-18 09:14:38,158 [INFO] [09:48] 카카오 청산 (STOP_LOSS) — 53133원 × 9주
2026-06-18 09:14:38,183 [INFO] [09:49] NAVER 1분봉 돌파! 가상 매수 체결 — 현재가 130,867원 (수량 3)
2026-06-18 09:14:38,185 [INFO] [09:49] NAVER 청산 (STOP_LOSS) — 127723원 × 3주
2026-06-18 09:14:41,180 [WARNING] ⚠️ [자본 부분 수혈] 금고 잔액 부족으로 0원만 수혈. 현재 가용자산: 1,964,692원
2026-06-18 09:14:41,191 [INFO] 📜 EOD 장부 저장 — v11_live_trades_20260618.csv, v11_live_report_20260618.md
2026-06-18 09:14:41,192 [INFO] 📊 [15:30 EOD] 총자산 1,964,692원 · Safe Vault 0원 · 이벤트=refill_partial
2026-06-18 09:14:41,202 [INFO] 🧪 [MOCK] 검증 결과: PASS ✅
2026-06-18 09:14:41,202 [INFO]   - orb_setup_locked: OK
2026-06-18 09:14:41,202 [INFO]   - minute_steps: OK
2026-06-18 09:14:41,202 [INFO]   - eod_settled: OK
2026-06-18 09:14:41,202 [INFO]   - 초기자산 2,000,000 → 최종 1,964,692 · 매매=Y · 진입시도=Y
